Component: ARM Compiler 5.05 (build 41) Tool: armlink [4d0eb9]

==============================================================================

Section Cross References

    startup_stm32f10x_hd.o(RESET) refers to startup_stm32f10x_hd.o(STACK) for __initial_sp
    startup_stm32f10x_hd.o(RESET) refers to startup_stm32f10x_hd.o(.text) for Reset_Handler
    startup_stm32f10x_hd.o(RESET) refers to stm32f10x_it.o(.text) for NMI_Handler
    startup_stm32f10x_hd.o(.text) refers to system_stm32f10x.o(.text) for SystemInit
    startup_stm32f10x_hd.o(.text) refers to entry.o(.ARM.Collect$$$$00000000) for __main
    system_stm32f10x.o(.text) refers to system_stm32f10x.o(.data) for SystemCoreClock
    stm32f10x_bkp.o(.text) refers to stm32f10x_rcc.o(.text) for RCC_BackupResetCmd
    stm32f10x_gpio.o(.text) refers to stm32f10x_rcc.o(.text) for RCC_APB2PeriphResetCmd
    stm32f10x_rcc.o(.text) refers to stm32f10x_rcc.o(.data) for APBAHBPrescTable
    stm32f10x_spi.o(.text) refers to stm32f10x_rcc.o(.text) for RCC_APB2PeriphResetCmd
    stm32f10x_tim.o(.text) refers to stm32f10x_rcc.o(.text) for RCC_APB2PeriphResetCmd
    stm32f10x_usart.o(.text) refers to stm32f10x_rcc.o(.text) for RCC_APB2PeriphResetCmd
    main.o(.text) refers to utility.o(.text) for systick_init
    main.o(.text) refers to bsp_usart1.o(.text) for USART1_Config
    main.o(.text) refers to bsp_led.o(.text) for LED_GPIO_Config
    main.o(.text) refers to fatfs_flash_spi.o(.text) for TM_FATFS_FLASH_SPI_disk_initialize
    main.o(.text) refers to ff.o(.text) for f_mount
    main.o(.text) refers to stm32f10x_rcc.o(.text) for RCC_APB2PeriphClockCmd
    main.o(.text) refers to bsp_ov7725.o(.text) for Ov7725_GPIO_Config
    main.o(.text) refers to printf8.o(i.__0printf$8) for __2printf
    main.o(.text) refers to w5500_conf.o(.text) for gpio_for_w5500_config
    main.o(.text) refers to w5500.o(.text) for socket_buf_init
    main.o(.text) refers to httputil.o(.text) for do_https
    main.o(.text) refers to main.o(.bss) for fs
    main.o(.text) refers to bsp_ov7725.o(.data) for Ov7725_vsync
    main.o(.text) refers to w5500.o(.data) for rxsize
    main.o(.text) refers to main.o(.data) for reboot_flag
    stm32f10x_it.o(.text) refers to stm32f10x_tim.o(.text) for TIM_GetITStatus
    stm32f10x_it.o(.text) refers to w5500_conf.o(.text) for timer2_isr
    stm32f10x_it.o(.text) refers to stm32f10x_exti.o(.text) for EXTI_GetITStatus
    stm32f10x_it.o(.text) refers to bsp_ov7725.o(.data) for Ov7725_vsync
    bsp_usart1.o(.text) refers to stm32f10x_rcc.o(.text) for RCC_APB2PeriphClockCmd
    bsp_usart1.o(.text) refers to stm32f10x_gpio.o(.text) for GPIO_Init
    bsp_usart1.o(.text) refers to stm32f10x_usart.o(.text) for USART_Init
    bsp_led.o(.text) refers to stm32f10x_rcc.o(.text) for RCC_APB2PeriphClockCmd
    bsp_led.o(.text) refers to stm32f10x_gpio.o(.text) for GPIO_Init
    bsp_timbase.o(.text) refers to misc.o(.text) for NVIC_PriorityGroupConfig
    bsp_timbase.o(.text) refers to stm32f10x_rcc.o(.text) for RCC_APB1PeriphClockCmd
    bsp_timbase.o(.text) refers to stm32f10x_tim.o(.text) for TIM_TimeBaseInit
    api.o(.text) refers to strlen.o(.text) for strlen
    api.o(.text) refers to strcmp.o(.text) for strcmp
    api.o(.text) refers to memseta.o(.text) for __aeabi_memclr4
    api.o(.text) refers to fatfs_flash_spi.o(.text) for SPI_FLASH_SectorErase
    api.o(.text) refers to utility.o(.text) for delay_us
    api.o(.text) refers to printf8.o(i.__0sprintf$8) for __2sprintf
    api.o(.text) refers to httputil.o(.text) for sendResponseJson
    api.o(.text) refers to printf8.o(i.__0printf$8) for __2printf
    api.o(.text) refers to atoi.o(.text) for atoi
    api.o(.text) refers to api.o(.conststring) for .conststring
    api.o(.text) refers to w5500_conf.o(.text) for getMac
    api.o(.text) refers to strcpy.o(.text) for strcpy
    api.o(.text) refers to socket.o(.text) for close
    fatfs_flash_spi.o(.text) refers to printf8.o(i.__0printf$8) for __2printf
    fatfs_flash_spi.o(.text) refers to stm32f10x_spi.o(.text) for SPI_I2S_GetFlagStatus
    fatfs_flash_spi.o(.text) refers to stm32f10x_gpio.o(.text) for GPIO_ResetBits
    fatfs_flash_spi.o(.text) refers to stm32f10x_rcc.o(.text) for RCC_APB2PeriphClockCmd
    fatfs_flash_spi.o(.text) refers to fatfs_flash_spi.o(.data) for SPITimeout
    w5500_conf.o(.text) refers to printf8.o(i.__0printf$8) for __2printf
    w5500_conf.o(.text) refers to w5500.o(.text) for setSUBR
    w5500_conf.o(.text) refers to stm32f10x_rcc.o(.text) for RCC_APB2PeriphClockCmd
    w5500_conf.o(.text) refers to stm32f10x_gpio.o(.text) for GPIO_Init
    w5500_conf.o(.text) refers to stm32f10x_spi.o(.text) for SPI_Init
    w5500_conf.o(.text) refers to utility.o(.text) for delay_us
    w5500_conf.o(.text) refers to bsp_timbase.o(.text) for TIM2_Configuration
    w5500_conf.o(.text) refers to w5500_conf.o(.bss) for ConfigMsg
    w5500_conf.o(.text) refers to w5500_conf.o(.data) for mac
[...]
    .text                                    0x08000348   Section        0  misc.o(.text)
    .text                                    0x08000424   Section        0  stm32f10x_exti.o(.text)
    .text                                    0x08000540   Section        0  stm32f10x_gpio.o(.text)
    .text                                    0x0800089c   Section        0  stm32f10x_rcc.o(.text)
    .text                                    0x08000c40   Section        0  stm32f10x_spi.o(.text)
    .text                                    0x08000f4c   Section        0  stm32f10x_tim.o(.text)
    TI4_Config                               0x080013f3   Thumb Code   130  stm32f10x_tim.o(.text)
    TI3_Config                               0x08001487   Thumb Code   122  stm32f10x_tim.o(.text)
    TI2_Config                               0x0800151b   Thumb Code   130  stm32f10x_tim.o(.text)
    TI1_Config                               0x080015af   Thumb Code   108  stm32f10x_tim.o(.text)
    .text                                    0x08001d68   Section        0  stm32f10x_usart.o(.text)
    .text                                    0x08002170   Section        0  main.o(.text)
    .text                                    0x080022a8   Section        0  stm32f10x_it.o(.text)
    .text                                    0x08002338   Section        0  bsp_usart1.o(.text)
    .text                                    0x080023ec   Section        0  bsp_led.o(.text)
    .text                                    0x08002498   Section        0  bsp_timbase.o(.text)
    .text                                    0x08002514   Section        0  api.o(.text)
    .text                                    0x08002f4c   Section        0  fatfs_flash_spi.o(.text)
    SPI_TIMEOUT_UserCallback                 0x08002f4d   Thumb Code    12  fatfs_flash_spi.o(.text)
    .text                                    0x080035c8   Section        0  w5500_conf.o(.text)
    .text                                    0x08003b4c   Section        0  w5500.o(.text)
    .text                                    0x08003f20   Section        0  socket.o(.text)
    .text                                    0x080045ac   Section        0  utility.o(.text)
    .text                                    0x08004a00   Section        0  http_server.o(.text)
    .text                                    0x08004ea0   Section        0  httputil.o(.text)
    make_basic_config_setting_json_callback  0x08004ea1   Thumb Code   136  httputil.o(.text)
    .text                                    0x08005644   Section        0  diskio.o(.text)
    .text                                    0x08005710   Section        0  ff.o(.text)
    mem_cpy                                  0x08005711   Thumb Code    26  ff.o(.text)
    mem_set                                  0x0800572b   Thumb Code    20  ff.o(.text)
    mem_cmp                                  0x0800573f   Thumb Code    38  ff.o(.text)
    chk_chr                                  0x08005765   Thumb Code    20  ff.o(.text)
    sync_window                              0x08005779   Thumb Code    82  ff.o(.text)
    move_window                              0x080057cb   Thumb Code    52  ff.o(.text)
    sync_fs                                  0x080057ff   Thumb Code   200  ff.o(.text)
    remove_chain                             0x08005ba7   Thumb Code   108  ff.o(.text)
    create_chain                             0x08005c13   Thumb Code   214  ff.o(.text)
    dir_sdi                                  0x08005ce9   Thumb Code   200  ff.o(.text)
    dir_next                                 0x08005db1   Thumb Code   316  ff.o(.text)
    dir_alloc                                0x08005eed   Thumb Code    92  ff.o(.text)
    ld_clust                                 0x08005f49   Thumb Code    32  ff.o(.text)
    st_clust                                 0x08005f69   Thumb Code    16  ff.o(.text)
    cmp_lfn                                  0x08005f79   Thumb Code   138  ff.o(.text)
    pick_lfn                                 0x08006003   Thumb Code   112  ff.o(.text)
    fit_lfn                                  0x08006073   Thumb Code   122  ff.o(.text)
    gen_numname                              0x080060ed   Thumb Code   194  ff.o(.text)
    sum_sfn                                  0x080061af   Thumb Code    32  ff.o(.text)
    dir_find                                 0x080061cf   Thumb Code   234  ff.o(.text)
    dir_read                                 0x080062b9   Thumb Code   208  ff.o(.text)
    dir_register                             0x08006389   Thumb Code   298  ff.o(.text)
    dir_remove                               0x080064b3   Thumb Code   106  ff.o(.text)
    get_fileinfo                             0x0800651d   Thumb Code   268  ff.o(.text)
    create_name                              0x08006629   Thumb Code   604  ff.o(.text)
    follow_path                              0x08006885   Thumb Code   144  ff.o(.text)
    get_ldnumber                             0x08006915   Thumb Code    74  ff.o(.text)
    check_fs                                 0x0800695f   Thumb Code   140  ff.o(.text)
    find_volume                              0x080069eb   Thumb Code   982  ff.o(.text)
    validate                                 0x08006dc1   Thumb Code    54  ff.o(.text)
    putc_bfd                                 0x0800861d   Thumb Code   136  ff.o(.text)
    .text                                    0x080089a4   Section        0  cc936.o(.text)
    .text                                    0x08008a58   Section        0  bsp_ov7725.o(.text)
    FIFO_GPIO_Config                         0x08008a59   Thumb Code   212  bsp_ov7725.o(.text)
    VSYNC_GPIO_Configuration                 0x08008b39   Thumb Code    38  bsp_ov7725.o(.text)
    VSYNC_NVIC_Configuration                 0x08008b5f   Thumb Code    42  bsp_ov7725.o(.text)
    VSYNC_EXTI_Configuration                 0x08008b89   Thumb Code    46  bsp_ov7725.o(.text)
    .text                                    0x08008d50   Section        0  bsp_sccb.o(.text)
    SCCB_delay                               0x08008d77   Thumb Code    16  bsp_sccb.o(.text)
    SCCB_Start                               0x08008d87   Thumb Code    78  bsp_sccb.o(.text)
    SCCB_Stop                                0x08008dd5   Thumb Code    52  bsp_sccb.o(.text)
    SCCB_Ack                                 0x08008e09   Thumb Code    52  bsp_sccb.o(.text)
    SCCB_NoAck                               0x08008e3d   Thumb Code    52  bsp_sccb.o(.text)
    SCCB_WaitAck                             0x08008e71   Thumb Code    72  bsp_sccb.o(.text)
    SCCB_SendByte                            0x08008eb9   Thumb Code    84  bsp_sccb.o(.text)
    SCCB_ReceiveByte                         0x08008f0d   Thumb Code    80  bsp_sccb.o(.text)
    .text                                    0x0800901c   Section        0  memcpya.o(.text)
    .text                                    0x08009040   Section        0  memseta.o(.text)
    .text                                    0x08009064   Section        0  strcat.o(.text)
    .text                                    0x0800907c   Section        0  strstr.o(.text)
    .text                                    0x080090a0   Section        0  strncpy.o(.text)
    .text                                    0x080090b8   Section        0  strlen.o(.text)
    .text                                    0x080090c6   Section        0  strcmp.o(.text)
    .text                                    0x080090e2   Section        0  strcpy.o(.text)
    .text                                    0x080090f4   Section        0  strtok.o(.text)
    .text                                    0x08009138   Section        0  atoi.o(.text)
    .text                                    0x08009152   Section        0  uidiv.o(.text)
    .text                                    0x0800917e   Section        0  uldiv.o(.text)
    .text                                    0x080091e0   Section        0  strtol.o(.text)
    .text                                    0x08009250   Section        0  dadd.o(.text)
    .text                                    0x08009250   Section        0  iusefp.o(.text)
    .text                                    0x0800939e   Section        0  dmul.o(.text)
    .text                                    0x08009482   Section        0  ddiv.o(.text)
    .text                                    0x08009560   Section        0  dfixul.o(.text)
    .text                                    0x08009590   Section       48  cdrcmple.o(.text)
    .text                                    0x080095c0   Section       36  init.o(.text)
    .text                                    0x080095e4   Section        0  llshl.o(.text)
    .text                                    0x08009602   Section        0  llushr.o(.text)
    .text                                    0x08009622   Section        0  llsshr.o(.text)
    .text                                    0x08009648   Section        0  ctype_o.o(.text)
    .text                                    0x08009650   Section        0  _strtoul.o(.text)
    .text                                    0x080096ee   Section        0  depilogue.o(.text)
    .text                                    0x080097a8   Section        0  _chval.o(.text)
    .text                                    0x080097c4   Section        0  __dczerorl2.o(.text)
    i.__0printf                              0x0800981c   Section        0  printfa.o(i.__0printf)
    i.__0printf$8                            0x0800983c   Section        0  printf8.o(i.__0printf$8)
    i.__0sprintf$8                           0x0800985c   Section        0  printf8.o(i.__0sprintf$8)
    i.__aeabi_errno_addr                     0x08009884   Section        0  errno.o(i.__aeabi_errno_addr)
    i.__scatterload_copy                     0x0800988c   Section       14  handlers.o(i.__scatterload_copy)
    i.__scatterload_null                     0x0800989a   Section        2  handlers.o(i.__scatterload_null)
    i.__scatterload_zeroinit                 0x0800989c   Section       14  handlers.o(i.__scatterload_zeroinit)
    i._fp_digits                             0x080098ac   Section        0  printfa.o(i._fp_digits)
    _fp_digits                               0x080098ad   Thumb Code   334  printfa.o(i._fp_digits)
    i._printf_core                           0x08009a10   Section        0  printf8.o(i._printf_core)
    _printf_core                             0x08009a11   Thumb Code   996  printf8.o(i._printf_core)
    i._printf_core                           0x08009e20   Section        0  printfa.o(i._printf_core)
    _printf_core                             0x08009e21   Thumb Code  1744  printfa.o(i._printf_core)
    i._printf_post_padding                   0x0800a4fc   Section        0  printf8.o(i._printf_post_padding)
    _printf_post_padding                     0x0800a4fd   Thumb Code    36  printf8.o(i._printf_post_padding)
    i._printf_post_padding                   0x0800a520   Section        0  printfa.o(i._printf_post_padding)
    _printf_post_padding                     0x0800a521   Thumb Code    36  printfa.o(i._printf_post_padding)
    i._printf_pre_padding                    0x0800a544   Section        0  printf8.o(i._printf_pre_padding)
    _printf_pre_padding                      0x0800a545   Thumb Code    46  printf8.o(i._printf_pre_padding)
    i._printf_pre_padding                    0x0800a572   Section        0  printfa.o(i._printf_pre_padding)
    _printf_pre_padding                      0x0800a573   Thumb Code    46  printfa.o(i._printf_pre_padding)
    i._sputc                                 0x0800a5a0   Section        0  printf8.o(i._sputc)
    _sputc                                   0x0800a5a1   Thumb Code    10  printf8.o(i._sputc)
    .constdata                               0x0800a5ac   Section      118  httputil.o(.constdata)
    .constdata                               0x0800a622   Section       58  ff.o(.constdata)
    LfnOfs                                   0x0800a622   Data          13  ff.o(.constdata)
    vst                                      0x0800a630   Data          22  ff.o(.constdata)
    cst                                      0x0800a646   Data          22  ff.o(.constdata)
    .constdata                               0x0800a65c   Section    175304  cc936.o(.constdata)
    uni2oem                                  0x0800a65c   Data       87172  cc936.o(.constdata)
    oem2uni                                  0x0801fae0   Data       87172  cc936.o(.constdata)
    tbl_lower                                0x08034f64   Data         480  cc936.o(.constdata)
    tbl_upper                                0x08035144   Data         480  cc936.o(.constdata)
    .constdata                               0x08035324   Section      129  ctype_o.o(.constdata)
    .constdata                               0x080353a8   Section        4  ctype_o.o(.constdata)
    table                                    0x080353a8   Data           4  ctype_o.o(.constdata)
    .conststring                             0x080353ac   Section      233  api.o(.conststring)
    .conststring                             0x08035498   Section      299  http_server.o(.conststring)
    .conststring                             0x080355c4   Section     2257  httputil.o(.conststring)
    .data                                    0x20000000   Section       20  system_stm32f10x.o(.data)
    .data                                    0x20000014   Section       20  stm32f10x_rcc.o(.data)
    APBAHBPrescTable                         0x20000014   Data          16  stm32f10x_rcc.o(.data)
    ADCPrescTable                            0x20000024   Data           4  stm32f10x_rcc.o(.data)
    .data                                    0x20000028   Section        1  main.o(.data)
    .data                                    0x2000002c   Section        5  fatfs_flash_spi.o(.data)
    SPITimeout                               0x2000002c   Data           4  fatfs_flash_spi.o(.data)
    TM_FATFS_FLASH_SPI_Stat                  0x20000030   Data           1  fatfs_flash_spi.o(.data)
    .data                                    0x20000034   Section       41  w5500_conf.o(.data)
    .data                                    0x2000005d   Section       16  w5500.o(.data)
    .data                                    0x2000006e   Section        4  utility.o(.data)
    fac_us                                   0x2000006e   Data           1  utility.o(.data)
    fac_ms                                   0x20000070   Data           2  utility.o(.data)
    .data                                    0x20000074   Section     1472  httputil.o(.data)
    .data                                    0x20000634   Section       10  ff.o(.data)
    FatFs                                    0x20000634   Data           8  ff.o(.data)
    Fsid                                     0x2000063c   Data           2  ff.o(.data)
    .data                                    0x2000063e   Section      156  bsp_ov7725.o(.data)
    .data                                    0x200006dc   Section        4  strtok.o(.data)
    state                                    0x200006dc   Data           4  strtok.o(.data)
    .data                                    0x200006e0   Section        4  stdout.o(.data)
    .data                                    0x200006e4   Section        4  errno.o(.data)
    _errno                                   0x200006e4   Data           4  errno.o(.data)
    .bss                                     0x200006e8   Section     4144  main.o(.bss)
    .bss                                     0x20001718   Section       46  w5500_conf.o(.bss)
    .bss                                     0x20001746   Section       32  w5500.o(.bss)
    .bss                                     0x20001766   Section       48  utility.o(.bss)
    addr_str                                 0x20001766   Data          32  utility.o(.bss)
    addr_str                                 0x20001786   Data          16  utility.o(.bss)
    .bss                                     0x20001796   Section     1046  dhcp.o(.bss)
    .bss                                     0x20001bac   Section     3944  http_server.o(.bss)
    .bss                                     0x20002b14   Section     5220  httputil.o(.bss)
    STACK                                    0x20003f78   Section     4096  startup_stm32f10x_hd.o(STACK)

    Global Symbols

    Symbol Name                              Value     Ov Type        Size  Object(Section)

    BuildAttributes$$THM_ISAv4$P$D$K$B$S$PE$A:L22UL41UL21$X:L11$S22US41US21$IEEE1$IW$USESV6$~STKCKD$USESV7$~SHL$OSPACE$ROPI$EBA8$MICROLIB$REQ8$PRES8$EABIv2 0x00000000   Number         0  anon$$obj.o ABSOLUTE
    __ARM_use_no_argv                        0x00000000   Number         0  main.o ABSOLUTE
    _printf_a                                0x00000000   Number         0  stubs.o ABSOLUTE
    _printf_c                                0x00000000   Number         0  stubs.o ABSOLUTE
    _printf_charcount                        0x00000000   Number         0  stubs.o ABSOLUTE
    _printf_d                                0x00000000   Number         0  stubs.o ABSOLUTE
    _printf_e                                0x00000000   Number         0  stubs.o ABSOLUTE
    _printf_f                                0x00000000   Number         0  stubs.o ABSOLUTE
    _printf_flags                            0x00000000   Number         0  stubs.o ABSOLUTE
    _printf_fp_dec                           0x00000000   Number         0  stubs.o ABSOLUTE
    _printf_fp_hex                           0x00000000   Number         0  stubs.o ABSOLUTE
    _printf_g                                0x00000000   Number         0  stubs.o ABSOLUTE
    _printf_i                                0x00000000   Number         0  stubs.o ABSOLUTE
    _printf_int_dec                          0x00000000   Number         0  stubs.o ABSOLUTE
    _printf_l                                0x00000000   Number         0  stubs.o ABSOLUTE
    _printf_lc                               0x00000000   Number         0  stubs.o ABSOLUTE
    _printf_ll                               0x00000000   Number         0  stubs.o ABSOLUTE
    _printf_lld                              0x00000000   Number         0  stubs.o ABSOLUTE
    _printf_lli                              0x00000000   Number         0  stubs.o ABSOLUTE
    _printf_llo                              0x00000000   Number         0  stubs.o ABSOLUTE
    _printf_llu                              0x00000000   Number         0  stubs.o ABSOLUTE
    _printf_llx                              0x00000000   Number         0  stubs.o ABSOLUTE
    _printf_longlong_dec                     0x00000000   Number         0  stubs.o ABSOLUTE
    _printf_longlong_hex                     0x00000000   Number         0  stubs.o ABSOLUTE
    _printf_longlong_oct                     0x00000000   Number         0  stubs.o ABSOLUTE
    _printf_ls                               0x00000000   Number         0  stubs.o ABSOLUTE
    _printf_mbtowc                           0x00000000   Number         0  stubs.o ABSOLUTE
    _printf_n                                0x00000000   Number         0  stubs.o ABSOLUTE
    _printf_o                                0x00000000   Number         0  stubs.o ABSOLUTE
    _printf_p                                0x00000000   Number         0  stubs.o ABSOLUTE
    _printf_percent                          0x00000000   Number         0  stubs.o ABSOLUTE
    _printf_pre_padding                      0x00000000   Number         0  stubs.o ABSOLUTE
    _printf_return_value                     0x00000000   Number         0  stubs.o ABSOLUTE
    _printf_s                                0x00000000   Number         0  stubs.o ABSOLUTE
    _printf_sizespec                         0x00000000   Number         0  stubs.o ABSOLUTE
    _printf_str                              0x00000000   Number         0  stubs.o ABSOLUTE
    _printf_truncate_signed                  0x00000000   Number         0  stubs.o ABSOLUTE
    _printf_truncate_unsigned                0x00000000   Number         0  stubs.o ABSOLUTE
    _printf_u                                0x00000000   Number         0  stubs.o ABSOLUTE
    _printf_wc                               0x00000000   Number         0  stubs.o ABSOLUTE
    _printf_wctomb                           0x00000000   Number         0  stubs.o ABSOLUTE
    _printf_widthprec                        0x00000000   Number         0  stubs.o ABSOLUTE
    _printf_x                                0x00000000   Number         0  stubs.o ABSOLUTE
    __cpp_initialize__aeabi_                  - Undefined Weak Reference
    __cxa_finalize                            - Undefined Weak Reference
    _clock_init                               - Undefined Weak Reference
    _microlib_exit                            - Undefined Weak Reference
    __Vectors_Size                           0x00000130   Number         0  startup_stm32f10x_hd.o ABSOLUTE
    __Vectors                                0x08000000   Data           4  startup_stm32f10x_hd.o(RESET)
    __Vectors_End                            0x08000130   Data           0  startup_stm32f10x_hd.o(RESET)
    __main                                   0x08000131   Thumb Code     0  entry.o(.ARM.Collect$$$$00000000)
    _main_stk                                0x08000131   Thumb Code     0  entry2.o(.ARM.Collect$$$$00000001)
    _main_scatterload                        0x08000135   Thumb Code     0  entry5.o(.ARM.Collect$$$$00000004)
    __main_after_scatterload                 0x08000139   Thumb Code     0  entry5.o(.ARM.Collect$$$$00000004)
    _main_clock                              0x08000139   Thumb Code     0  entry7b.o(.ARM.Collect$$$$00000008)
    _main_cpp_init                           0x08000139   Thumb Code     0  entry8b.o(.ARM.Collect$$$$0000000A)
    _main_init                               0x08000139   Thumb Code     0  entry9a.o(.ARM.Collect$$$$0000000B)
    __rt_final_cpp                           0x08000141   Thumb Code     0  entry10a.o(.ARM.Collect$$$$0000000D)
    __rt_final_exit                          0x08000141   Thumb Code     0  entry11a.o(.ARM.Collect$$$$0000000F)
    Reset_Handler                            0x08000145   Thumb Code     8  startup_stm32f10x_hd.o(.text)
    ADC1_2_IRQHandler                        0x0800015f   Thumb Code     0  startup_stm32f10x_hd.o(.text)
    ADC3_IRQHandler                          0x0800015f   Thumb Code     0  startup_stm32f10x_hd.o(.text)
    CAN1_RX1_IRQHandler                      0x0800015f   Thumb Code     0  startup_stm32f10x_hd.o(.text)
    CAN1_SCE_IRQHandler                      0x0800015f   Thumb Code     0  startup_stm32f10x_hd.o(.text)
    DMA1_Channel1_IRQHandler                 0x0800015f   Thumb Code     0  startup_stm32f10x_hd.o(.text)
    DMA1_Channel2_IRQHandler                 0x0800015f   Thumb Code     0  startup_stm32f10x_hd.o(.text)
    DMA1_Channel3_IRQHandler                 0x0800015f   Thumb Code     0  startup_stm32f10x_hd.o(.text)
    DMA1_Channel4_IRQHandler                 0x0800015f   Thumb Code     0  startup_stm32f10x_hd.o(.text)
    DMA1_Channel5_IRQHandler                 0x0800015f   Thumb Code     0  startup_stm32f10x_hd.o(.text)
    DMA1_Channel6_IRQHandler                 0x0800015f   Thumb Code     0  startup_stm32f10x_hd.o(.text)
    DMA1_Channel7_IRQHandler                 0x0800015f   Thumb Code     0  startup_stm32f10x_hd.o(.text)
    DMA2_Channel1_IRQHandler                 0x0800015f   Thumb Code     0  startup_stm32f10x_hd.o(.text)
    DMA2_Channel2_IRQHandler                 0x0800015f   Thumb Code     0  startup_stm32f10x_hd.o(.text)
    DMA2_Channel3_IRQHandler                 0x0800015f   Thumb Code     0  startup_stm32f10x_hd.o(.text)
    DMA2_Channel4_5_IRQHandler               0x0800015f   Thumb Code     0  startup_stm32f10x_hd.o(.text)
    EXTI0_IRQHandler                         0x0800015f   Thumb Code     0  startup_stm32f10x_hd.o(.text)
    EXTI15_10_IRQHandler                     0x0800015f   Thumb Code     0  startup_stm32f10x_hd.o(.text)
    EXTI1_IRQHandler                         0x0800015f   Thumb Code     0  startup_stm32f10x_hd.o(.text)
    EXTI2_IRQHandler                         0x0800015f   Thumb Code     0  startup_stm32f10x_hd.o(.text)
    EXTI3_IRQHandler                         0x0800015f   Thumb Code     0  startup_stm32f10x_hd.o(.text)
    EXTI4_IRQHandler                         0x0800015f   Thumb Code     0  startup_stm32f10x_hd.o(.text)
    FLASH_IRQHandler                         0x0800015f   Thumb Code     0  startup_stm32f10x_hd.o(.text)
    FSMC_IRQHandler                          0x0800015f   Thumb Code     0  startup_stm32f10x_hd.o(.text)
    I2C1_ER_IRQHandler                       0x0800015f   Thumb Code     0  startup_stm32f10x_hd.o(.text)
    I2C1_EV_IRQHandler                       0x0800015f   Thumb Code     0  startup_stm32f10x_hd.o(.text)
    I2C2_ER_IRQHandler                       0x0800015f   Thumb Code     0  startup_stm32f10x_hd.o(.text)
    I2C2_EV_IRQHandler                       0x0800015f   Thumb Code     0  startup_stm32f10x_hd.o(.text)
    PVD_IRQHandler                           0x0800015f   Thumb Code     0  startup_stm32f10x_hd.o(.text)
    RCC_IRQHandler                           0x0800015f   Thumb Code     0  startup_stm32f10x_hd.o(.text)
    RTCAlarm_IRQHandler                      0x0800015f   Thumb Code     0  startup_stm32f10x_hd.o(.text)
    RTC_IRQHandler                           0x0800015f   Thumb Code     0  startup_stm32f10x_hd.o(.text)
    SDIO_IRQHandler                          0x0800015f   Thumb Code     0  startup_stm32f10x_hd.o(.text)
    SPI1_IRQHandler                          0x0800015f   Thumb Code     0  startup_stm32f10x_hd.o(.text)
    SPI2_IRQHandler                          0x0800015f   Thumb Code     0  startup_stm32f10x_hd.o(.text)
    SPI3_IRQHandler                          0x0800015f   Thumb Code     0  startup_stm32f10x_hd.o(.text)
    TAMPER_IRQHandler                        0x0800015f   Thumb Code     0  startup_stm32f10x_hd.o(.text)
    TIM1_BRK_IRQHandler                      0x0800015f   Thumb Code     0  startup_stm32f10x_hd.o(.text)
    TIM1_CC_IRQHandler                       0x0800015f   Thumb Code     0  startup_stm32f10x_hd.o(.text)
    TIM1_TRG_COM_IRQHandler                  0x0800015f   Thumb Code     0  startup_stm32f10x_hd.o(.text)
    TIM1_UP_IRQHandler                       0x0800015f   Thumb Code     0  startup_stm32f10x_hd.o(.text)
    TIM3_IRQHandler                          0x0800015f   Thumb Code     0  startup_stm32f10x_hd.o(.text)
    TIM4_IRQHandler                          0x0800015f   Thumb Code     0  startup_stm32f10x_hd.o(.text)
    TIM5_IRQHandler                          0x0800015f   Thumb Code     0  startup_stm32f10x_hd.o(.text)
    TIM6_IRQHandler                          0x0800015f   Thumb Code     0  startup_stm32f10x_hd.o(.text)
    TIM7_IRQHandler                          0x0800015f   Thumb Code     0  startup_stm32f10x_hd.o(.text)
    TIM8_BRK_IRQHandler                      0x0800015f   Thumb Code     0  startup_stm32f10x_hd.o(.text)
    TIM8_CC_IRQHandler                       0x0800015f   Thumb Code     0  startup_stm32f10x_hd.o(.text)
    TIM8_TRG_COM_IRQHandler                  0x0800015f   Thumb Code     0  startup_stm32f10x_hd.o(.text)
    TIM8_UP_IRQHandler                       0x0800015f   Thumb Code     0  startup_stm32f10x_hd.o(.text)
    UART4_IRQHandler                         0x0800015f   Thumb Code     0  startup_stm32f10x_hd.o(.text)
    UART5_IRQHandler                         0x0800015f   Thumb Code     0  startup_stm32f10x_hd.o(.text)
    USART1_IRQHandler                        0x0800015f   Thumb Code     0  startup_stm32f10x_hd.o(.text)
    USART2_IRQHandler                        0x0800015f   Thumb Code     0  startup_stm32f10x_hd.o(.text)
    USART3_IRQHandler                        0x0800015f   Thumb Code     0  startup_stm32f10x_hd.o(.text)
    USBWakeUp_IRQHandler                     0x0800015f   Thumb Code     0  startup_stm32f10x_hd.o(.text)
    USB_HP_CAN1_TX_IRQHandler                0x0800015f   Thumb Code     0  startup_stm32f10x_hd.o(.text)
    USB_LP_CAN1_RX0_IRQHandler               0x0800015f   Thumb Code     0  startup_stm32f10x_hd.o(.text)
    WWDG_IRQHandler                          0x0800015f   Thumb Code     0  startup_stm32f10x_hd.o(.text)
    SystemInit                               0x08000247   Thumb Code    78  system_stm32f10x.o(.text)
    SystemCoreClockUpdate                    0x08000295   Thumb Code   142  system_stm32f10x.o(.text)
    NVIC_PriorityGroupConfig                 0x08000349   Thumb Code    10  misc.o(.text)
    NVIC_Init                                0x08000353   Thumb Code   100  misc.o(.text)
    NVIC_SetVectorTable                      0x080003b7   Thumb Code    14  misc.o(.text)
    NVIC_SystemLPConfig                      0x080003c5   Thumb Code    34  misc.o(.text)
    SysTick_CLKSourceConfig                  0x080003e7   Thumb Code    40  misc.o(.text)
    EXTI_DeInit                              0x08000425   Thumb Code    28  stm32f10x_exti.o(.text)
    EXTI_Init                                0x08000441   Thumb Code   142  stm32f10x_exti.o(.text)
    EXTI_StructInit                          0x080004cf   Thumb Code    16  stm32f10x_exti.o(.text)
    EXTI_GenerateSWInterrupt                 0x080004df   Thumb Code    16  stm32f10x_exti.o(.text)
    EXTI_GetFlagStatus                       0x080004ef   Thumb Code    22  stm32f10x_exti.o(.text)
    EXTI_ClearFlag                           0x08000505   Thumb Code     8  stm32f10x_exti.o(.text)
    EXTI_GetITStatus                         0x0800050d   Thumb Code    34  stm32f10x_exti.o(.text)
    EXTI_ClearITPendingBit                   0x0800052f   Thumb Code     8  stm32f10x_exti.o(.text)
    GPIO_DeInit                              0x08000541   Thumb Code   172  stm32f10x_gpio.o(.text)
    GPIO_AFIODeInit                          0x080005ed   Thumb Code    20  stm32f10x_gpio.o(.text)
    GPIO_Init                                0x08000601   Thumb Code   278  stm32f10x_gpio.o(.text)
    GPIO_StructInit                          0x08000717   Thumb Code    16  stm32f10x_gpio.o(.text)
    GPIO_ReadInputDataBit                    0x08000727   Thumb Code    18  stm32f10x_gpio.o(.text)
    GPIO_ReadInputData                       0x08000739   Thumb Code     8  stm32f10x_gpio.o(.text)
    GPIO_ReadOutputDataBit                   0x08000741   Thumb Code    18  stm32f10x_gpio.o(.text)
    GPIO_ReadOutputData                      0x08000753   Thumb Code     8  stm32f10x_gpio.o(.text)
    GPIO_SetBits                             0x0800075b   Thumb Code     4  stm32f10x_gpio.o(.text)
    GPIO_ResetBits                           0x0800075f   Thumb Code     4  stm32f10x_gpio.o(.text)
    GPIO_WriteBit                            0x08000763   Thumb Code    10  stm32f10x_gpio.o(.text)
    GPIO_Write                               0x0800076d   Thumb Code     4  stm32f10x_gpio.o(.text)
    GPIO_PinLockConfig                       0x08000771   Thumb Code    18  stm32f10x_gpio.o(.text)
    GPIO_EventOutputConfig                   0x08000783   Thumb Code    26  stm32f10x_gpio.o(.text)
    GPIO_EventOutputCmd                      0x0800079d   Thumb Code     6  stm32f10x_gpio.o(.text)
    GPIO_PinRemapConfig                      0x080007a3   Thumb Code   138  stm32f10x_gpio.o(.text)
    GPIO_EXTILineConfig                      0x0800082d   Thumb Code    66  stm32f10x_gpio.o(.text)
    GPIO_ETH_MediaInterfaceConfig            0x0800086f   Thumb Code     8  stm32f10x_gpio.o(.text)
    RCC_DeInit                               0x0800089d   Thumb Code    64  stm32f10x_rcc.o(.text)
    RCC_HSEConfig                            0x080008dd   Thumb Code    70  stm32f10x_rcc.o(.text)
    RCC_GetFlagStatus                        0x08000923   Thumb Code    56  stm32f10x_rcc.o(.text)
    RCC_WaitForHSEStartUp                    0x0800095b   Thumb Code    56  stm32f10x_rcc.o(.text)
    RCC_AdjustHSICalibrationValue            0x08000993   Thumb Code    20  stm32f10x_rcc.o(.text)
    RCC_HSICmd                               0x080009a7   Thumb Code     6  stm32f10x_rcc.o(.text)
    RCC_PLLConfig                            0x080009ad   Thumb Code    24  stm32f10x_rcc.o(.text)
    RCC_PLLCmd                               0x080009c5   Thumb Code     6  stm32f10x_rcc.o(.text)
    RCC_SYSCLKConfig                         0x080009cb   Thumb Code    18  stm32f10x_rcc.o(.text)
    RCC_GetSYSCLKSource                      0x080009dd   Thumb Code    10  stm32f10x_rcc.o(.text)
    RCC_HCLKConfig                           0x080009e7   Thumb Code    18  stm32f10x_rcc.o(.text)
    RCC_PCLK1Config                          0x080009f9   Thumb Code    18  stm32f10x_rcc.o(.text)
    RCC_PCLK2Config                          0x08000a0b   Thumb Code    20  stm32f10x_rcc.o(.text)
    RCC_ITConfig                             0x08000a1f   Thumb Code    26  stm32f10x_rcc.o(.text)
    RCC_USBCLKConfig                         0x08000a39   Thumb Code     8  stm32f10x_rcc.o(.text)
    RCC_ADCCLKConfig                         0x08000a41   Thumb Code    18  stm32f10x_rcc.o(.text)
    RCC_LSEConfig                            0x08000a53   Thumb Code    50  stm32f10x_rcc.o(.text)
    RCC_LSICmd                               0x08000a85   Thumb Code     6  stm32f10x_rcc.o(.text)
    RCC_RTCCLKConfig                         0x08000a8b   Thumb Code    12  stm32f10x_rcc.o(.text)
    RCC_RTCCLKCmd                            0x08000a97   Thumb Code     8  stm32f10x_rcc.o(.text)
    RCC_GetClocksFreq                        0x08000a9f   Thumb Code   192  stm32f10x_rcc.o(.text)
    RCC_AHBPeriphClockCmd                    0x08000b5f   Thumb Code    26  stm32f10x_rcc.o(.text)
    RCC_APB2PeriphClockCmd                   0x08000b79   Thumb Code    26  stm32f10x_rcc.o(.text)
    RCC_APB1PeriphClockCmd                   0x08000b93   Thumb Code    26  stm32f10x_rcc.o(.text)
    RCC_APB2PeriphResetCmd                   0x08000bad   Thumb Code    26  stm32f10x_rcc.o(.text)
    RCC_APB1PeriphResetCmd                   0x08000bc7   Thumb Code    26  stm32f10x_rcc.o(.text)
    RCC_BackupResetCmd                       0x08000be1   Thumb Code     8  stm32f10x_rcc.o(.text)
    RCC_ClockSecuritySystemCmd               0x08000be9   Thumb Code     6  stm32f10x_rcc.o(.text)
    RCC_MCOConfig                            0x08000bef   Thumb Code     6  stm32f10x_rcc.o(.text)
    RCC_ClearFlag                            0x08000bf5   Thumb Code    14  stm32f10x_rcc.o(.text)
    RCC_GetITStatus                          0x08000c03   Thumb Code    20  stm32f10x_rcc.o(.text)
    RCC_ClearITPendingBit                    0x08000c17   Thumb Code     6  stm32f10x_rcc.o(.text)
    SPI_I2S_DeInit                           0x08000c41   Thumb Code    76  stm32f10x_spi.o(.text)
    SPI_Init                                 0x08000c8d   Thumb Code    60  stm32f10x_spi.o(.text)
    I2S_Init                                 0x08000cc9   Thumb Code   226  stm32f10x_spi.o(.text)
    SPI_StructInit                           0x08000dab   Thumb Code    24  stm32f10x_spi.o(.text)
    I2S_StructInit                           0x08000dc3   Thumb Code    20  stm32f10x_spi.o(.text)
    SPI_Cmd                                  0x08000dd7   Thumb Code    24  stm32f10x_spi.o(.text)
    I2S_Cmd                                  0x08000def   Thumb Code    24  stm32f10x_spi.o(.text)
    SPI_I2S_ITConfig                         0x08000e07   Thumb Code    32  stm32f10x_spi.o(.text)
    SPI_I2S_DMACmd                           0x08000e27   Thumb Code    18  stm32f10x_spi.o(.text)
    SPI_I2S_SendData                         0x08000e39   Thumb Code     4  stm32f10x_spi.o(.text)
    SPI_I2S_ReceiveData                      0x08000e3d   Thumb Code     6  stm32f10x_spi.o(.text)
    SPI_NSSInternalSoftwareConfig            0x08000e43   Thumb Code    30  stm32f10x_spi.o(.text)
    SPI_SSOutputCmd                          0x08000e61   Thumb Code    24  stm32f10x_spi.o(.text)
    SPI_DataSizeConfig                       0x08000e79   Thumb Code    18  stm32f10x_spi.o(.text)
    SPI_TransmitCRC                          0x08000e8b   Thumb Code    10  stm32f10x_spi.o(.text)
    SPI_CalculateCRC                         0x08000e95   Thumb Code    24  stm32f10x_spi.o(.text)
    SPI_GetCRC                               0x08000ead   Thumb Code    16  stm32f10x_spi.o(.text)
    SPI_GetCRCPolynomial                     0x08000ebd   Thumb Code     6  stm32f10x_spi.o(.text)
    SPI_BiDirectionalLineConfig              0x08000ec3   Thumb Code    28  stm32f10x_spi.o(.text)
    SPI_I2S_GetFlagStatus                    0x08000edf   Thumb Code    18  stm32f10x_spi.o(.text)
    SPI_I2S_ClearFlag                        0x08000ef1   Thumb Code     6  stm32f10x_spi.o(.text)
    SPI_I2S_GetITStatus                      0x08000ef7   Thumb Code    52  stm32f10x_spi.o(.text)
    SPI_I2S_ClearITPendingBit                0x08000f2b   Thumb Code    20  stm32f10x_spi.o(.text)
    TIM_DeInit                               0x08000f4d   Thumb Code   424  stm32f10x_tim.o(.text)
    TIM_TimeBaseInit                         0x080010f5   Thumb Code   122  stm32f10x_tim.o(.text)
    TIM_OC1Init                              0x0800116f   Thumb Code   132  stm32f10x_tim.o(.text)
    TIM_OC2Init                              0x080011f3   Thumb Code   154  stm32f10x_tim.o(.text)
    TIM_OC3Init                              0x0800128d   Thumb Code   150  stm32f10x_tim.o(.text)
    TIM_OC4Init                              0x08001323   Thumb Code   182  stm32f10x_tim.o(.text)
    TIM_SetIC4Prescaler                      0x080013d9   Thumb Code    26  stm32f10x_tim.o(.text)
    TIM_SetIC3Prescaler                      0x08001475   Thumb Code    18  stm32f10x_tim.o(.text)
    TIM_SetIC2Prescaler                      0x08001501   Thumb Code    26  stm32f10x_tim.o(.text)
    TIM_SetIC1Prescaler                      0x0800159d   Thumb Code    18  stm32f10x_tim.o(.text)
    TIM_ICInit                               0x0800161b   Thumb Code   150  stm32f10x_tim.o(.text)
    TIM_PWMIConfig                           0x080016b1   Thumb Code   124  stm32f10x_tim.o(.text)
    TIM_BDTRConfig                           0x0800172d   Thumb Code    32  stm32f10x_tim.o(.text)
    TIM_TimeBaseStructInit                   0x0800174d   Thumb Code    18  stm32f10x_tim.o(.text)
    TIM_OCStructInit                         0x0800175f   Thumb Code    20  stm32f10x_tim.o(.text)
    TIM_ICStructInit                         0x08001773   Thumb Code    18  stm32f10x_tim.o(.text)
    TIM_BDTRStructInit                       0x08001785   Thumb Code    40  stm32f10x_tim.o(.text)
    TIM_Cmd                                  0x080017ad   Thumb Code    24  stm32f10x_tim.o(.text)
    TIM_CtrlPWMOutputs                       0x080017c5   Thumb Code    30  stm32f10x_tim.o(.text)
    TIM_ITConfig                             0x080017e3   Thumb Code    18  stm32f10x_tim.o(.text)
    TIM_GenerateEvent                        0x080017f5   Thumb Code     4  stm32f10x_tim.o(.text)
    TIM_DMAConfig                            0x080017f9   Thumb Code    10  stm32f10x_tim.o(.text)
    TIM_DMACmd                               0x08001803   Thumb Code    18  stm32f10x_tim.o(.text)
    TIM_InternalClockConfig                  0x08001815   Thumb Code    12  stm32f10x_tim.o(.text)
    TIM_SelectInputTrigger                   0x08001821   Thumb Code    18  stm32f10x_tim.o(.text)
    TIM_ITRxExternalClockConfig              0x08001833   Thumb Code    24  stm32f10x_tim.o(.text)
    TIM_TIxExternalClockConfig               0x0800184b   Thumb Code    62  stm32f10x_tim.o(.text)
    TIM_ETRConfig                            0x08001889   Thumb Code    28  stm32f10x_tim.o(.text)
    TIM_ETRClockMode1Config                  0x080018a5   Thumb Code    54  stm32f10x_tim.o(.text)
    TIM_ETRClockMode2Config                  0x080018db   Thumb Code    32  stm32f10x_tim.o(.text)
    TIM_PrescalerConfig                      0x080018fb   Thumb Code     6  stm32f10x_tim.o(.text)
    TIM_CounterModeConfig                    0x08001901   Thumb Code    18  stm32f10x_tim.o(.text)
    TIM_EncoderInterfaceConfig               0x08001913   Thumb Code    66  stm32f10x_tim.o(.text)
    TIM_ForcedOC1Config                      0x08001955   Thumb Code    18  stm32f10x_tim.o(.text)
    TIM_ForcedOC2Config                      0x08001967   Thumb Code    26  stm32f10x_tim.o(.text)
    TIM_ForcedOC3Config                      0x08001981   Thumb Code    18  stm32f10x_tim.o(.text)
    TIM_ForcedOC4Config                      0x08001993   Thumb Code    26  stm32f10x_tim.o(.text)
    TIM_ARRPreloadConfig                     0x080019ad   Thumb Code    24  stm32f10x_tim.o(.text)
    TIM_SelectCOM                            0x080019c5   Thumb Code    24  stm32f10x_tim.o(.text)
    TIM_SelectCCDMA                          0x080019dd   Thumb Code    24  stm32f10x_tim.o(.text)
    TIM_CCPreloadControl                     0x080019f5   Thumb Code    24  stm32f10x_tim.o(.text)
    TIM_OC1PreloadConfig                     0x08001a0d   Thumb Code    18  stm32f10x_tim.o(.text)
    TIM_OC2PreloadConfig                     0x08001a1f   Thumb Code    26  stm32f10x_tim.o(.text)
    TIM_OC3PreloadConfig                     0x08001a39   Thumb Code    18  stm32f10x_tim.o(.text)
    TIM_OC4PreloadConfig                     0x08001a4b   Thumb Code    26  stm32f10x_tim.o(.text)
    TIM_OC1FastConfig                        0x08001a65   Thumb Code    18  stm32f10x_tim.o(.text)
    TIM_OC2FastConfig                        0x08001a77   Thumb Code    26  stm32f10x_tim.o(.text)
    TIM_OC3FastConfig                        0x08001a91   Thumb Code    18  stm32f10x_tim.o(.text)
    TIM_OC4FastConfig                        0x08001aa3   Thumb Code    26  stm32f10x_tim.o(.text)
    TIM_ClearOC1Ref                          0x08001abd   Thumb Code    18  stm32f10x_tim.o(.text)
    TIM_ClearOC2Ref                          0x08001acf   Thumb Code    24  stm32f10x_tim.o(.text)
    TIM_ClearOC3Ref                          0x08001ae7   Thumb Code    18  stm32f10x_tim.o(.text)
    TIM_ClearOC4Ref                          0x08001af9   Thumb Code    24  stm32f10x_tim.o(.text)
    TIM_OC1PolarityConfig                    0x08001b11   Thumb Code    18  stm32f10x_tim.o(.text)
    TIM_OC1NPolarityConfig                   0x08001b23   Thumb Code    18  stm32f10x_tim.o(.text)
    TIM_OC2PolarityConfig                    0x08001b35   Thumb Code    26  stm32f10x_tim.o(.text)
    TIM_OC2NPolarityConfig                   0x08001b4f   Thumb Code    26  stm32f10x_tim.o(.text)
    TIM_OC3PolarityConfig                    0x08001b69   Thumb Code    26  stm32f10x_tim.o(.text)
    TIM_OC3NPolarityConfig                   0x08001b83   Thumb Code    26  stm32f10x_tim.o(.text)
    TIM_OC4PolarityConfig                    0x08001b9d   Thumb Code    26  stm32f10x_tim.o(.text)
    TIM_CCxCmd                               0x08001bb7   Thumb Code    30  stm32f10x_tim.o(.text)
    TIM_CCxNCmd                              0x08001bd5   Thumb Code    30  stm32f10x_tim.o(.text)
    TIM_SelectOCxM                           0x08001bf3   Thumb Code    82  stm32f10x_tim.o(.text)
    TIM_UpdateDisableConfig                  0x08001c45   Thumb Code    24  stm32f10x_tim.o(.text)
    TIM_UpdateRequestConfig                  0x08001c5d   Thumb Code    24  stm32f10x_tim.o(.text)
    TIM_SelectHallSensor                     0x08001c75   Thumb Code    24  stm32f10x_tim.o(.text)
    TIM_SelectOnePulseMode                   0x08001c8d   Thumb Code    18  stm32f10x_tim.o(.text)
    TIM_SelectOutputTrigger                  0x08001c9f   Thumb Code    18  stm32f10x_tim.o(.text)
    TIM_SelectSlaveMode                      0x08001cb1   Thumb Code    18  stm32f10x_tim.o(.text)
    TIM_SelectMasterSlaveMode                0x08001cc3   Thumb Code    18  stm32f10x_tim.o(.text)
    TIM_SetCounter                           0x08001cd5   Thumb Code     4  stm32f10x_tim.o(.text)
    TIM_SetAutoreload                        0x08001cd9   Thumb Code     4  stm32f10x_tim.o(.text)
    TIM_SetCompare1                          0x08001cdd   Thumb Code     4  stm32f10x_tim.o(.text)
    TIM_SetCompare2                          0x08001ce1   Thumb Code     4  stm32f10x_tim.o(.text)
    TIM_SetCompare3                          0x08001ce5   Thumb Code     4  stm32f10x_tim.o(.text)
    TIM_SetCompare4                          0x08001ce9   Thumb Code     6  stm32f10x_tim.o(.text)
    TIM_SetClockDivision                     0x08001cef   Thumb Code    18  stm32f10x_tim.o(.text)
    TIM_GetCapture1                          0x08001d01   Thumb Code     6  stm32f10x_tim.o(.text)
    TIM_GetCapture2                          0x08001d07   Thumb Code     6  stm32f10x_tim.o(.text)
    TIM_GetCapture3                          0x08001d0d   Thumb Code     6  stm32f10x_tim.o(.text)
    TIM_GetCapture4                          0x08001d13   Thumb Code     8  stm32f10x_tim.o(.text)
    TIM_GetCounter                           0x08001d1b   Thumb Code     6  stm32f10x_tim.o(.text)
    TIM_GetPrescaler                         0x08001d21   Thumb Code     6  stm32f10x_tim.o(.text)
    TIM_GetFlagStatus                        0x08001d27   Thumb Code    18  stm32f10x_tim.o(.text)
    TIM_ClearFlag                            0x08001d39   Thumb Code     6  stm32f10x_tim.o(.text)
    TIM_GetITStatus                          0x08001d3f   Thumb Code    34  stm32f10x_tim.o(.text)
    TIM_ClearITPendingBit                    0x08001d61   Thumb Code     6  stm32f10x_tim.o(.text)
    USART_DeInit                             0x08001d69   Thumb Code   134  stm32f10x_usart.o(.text)
    USART_Init                               0x08001def   Thumb Code   210  stm32f10x_usart.o(.text)
    USART_StructInit                         0x08001ec1   Thumb Code    24  stm32f10x_usart.o(.text)
    USART_ClockInit                          0x08001ed9   Thumb Code    34  stm32f10x_usart.o(.text)
    USART_ClockStructInit                    0x08001efb   Thumb Code    12  stm32f10x_usart.o(.text)
    USART_Cmd                                0x08001f07   Thumb Code    24  stm32f10x_usart.o(.text)
    USART_ITConfig                           0x08001f1f   Thumb Code    74  stm32f10x_usart.o(.text)
    USART_DMACmd                             0x08001f69   Thumb Code    18  stm32f10x_usart.o(.text)
    USART_SetAddress                         0x08001f7b   Thumb Code    18  stm32f10x_usart.o(.text)
    USART_WakeUpConfig                       0x08001f8d   Thumb Code    18  stm32f10x_usart.o(.text)
    USART_ReceiverWakeUpCmd                  0x08001f9f   Thumb Code    24  stm32f10x_usart.o(.text)
    USART_LINBreakDetectLengthConfig         0x08001fb7   Thumb Code    18  stm32f10x_usart.o(.text)
    USART_LINCmd                             0x08001fc9   Thumb Code    24  stm32f10x_usart.o(.text)
    USART_SendData                           0x08001fe1   Thumb Code     8  stm32f10x_usart.o(.text)
    USART_ReceiveData                        0x08001fe9   Thumb Code    10  stm32f10x_usart.o(.text)
    USART_SendBreak                          0x08001ff3   Thumb Code    10  stm32f10x_usart.o(.text)
    USART_SetGuardTime                       0x08001ffd   Thumb Code    16  stm32f10x_usart.o(.text)
    USART_SetPrescaler                       0x0800200d   Thumb Code    16  stm32f10x_usart.o(.text)
    USART_SmartCardCmd                       0x0800201d   Thumb Code    24  stm32f10x_usart.o(.text)
    USART_SmartCardNACKCmd                   0x08002035   Thumb Code    24  stm32f10x_usart.o(.text)
    USART_HalfDuplexCmd                      0x0800204d   Thumb Code    24  stm32f10x_usart.o(.text)
    USART_OverSampling8Cmd                   0x08002065   Thumb Code    22  stm32f10x_usart.o(.text)
    USART_OneBitMethodCmd                    0x0800207b   Thumb Code    24  stm32f10x_usart.o(.text)
    USART_IrDAConfig                         0x08002093   Thumb Code    18  stm32f10x_usart.o(.text)
    USART_IrDACmd                            0x080020a5   Thumb Code    24  stm32f10x_usart.o(.text)
    USART_GetFlagStatus                      0x080020bd   Thumb Code    26  stm32f10x_usart.o(.text)
    USART_ClearFlag                          0x080020d7   Thumb Code    18  stm32f10x_usart.o(.text)
    USART_GetITStatus                        0x080020e9   Thumb Code    84  stm32f10x_usart.o(.text)
    USART_ClearITPendingBit                  0x0800213d   Thumb Code    52  stm32f10x_usart.o(.text)
    main                                     0x08002171   Thumb Code   166  main.o(.text)
    NMI_Handler                              0x080022a9   Thumb Code     2  stm32f10x_it.o(.text)
    HardFault_Handler                        0x080022ab   Thumb Code     4  stm32f10x_it.o(.text)
    MemManage_Handler                        0x080022af   Thumb Code     4  stm32f10x_it.o(.text)
    BusFault_Handler                         0x080022b3   Thumb Code     4  stm32f10x_it.o(.text)
    UsageFault_Handler                       0x080022b7   Thumb Code     4  stm32f10x_it.o(.text)
    SVC_Handler                              0x080022bb   Thumb Code     2  stm32f10x_it.o(.text)
    DebugMon_Handler                         0x080022bd   Thumb Code     2  stm32f10x_it.o(.text)
    PendSV_Handler                           0x080022bf   Thumb Code     2  stm32f10x_it.o(.text)
    SysTick_Handler                          0x080022c1   Thumb Code     2  stm32f10x_it.o(.text)
    TIM2_IRQHandler                          0x080022c3   Thumb Code    26  stm32f10x_it.o(.text)
    EXTI9_5_IRQHandler                       0x080022dd   Thumb Code    78  stm32f10x_it.o(.text)
    USART1_Config                            0x08002339   Thumb Code   114  bsp_usart1.o(.text)
    fputc                                    0x080023ab   Thumb Code    32  bsp_usart1.o(.text)
    fgetc                                    0x080023cb   Thumb Code    26  bsp_usart1.o(.text)
    LED_GPIO_Config                          0x080023ed   Thumb Code    90  bsp_led.o(.text)
    LED_RGB111                               0x08002447   Thumb Code    78  bsp_led.o(.text)
    TIM2_NVIC_Configuration                  0x08002499   Thumb Code    42  bsp_timbase.o(.text)
    TIM2_Configuration                       0x080024c3   Thumb Code    80  bsp_timbase.o(.text)
    strToAry                                 0x08002515   Thumb Code    38  api.o(.text)
    aryToStr                                 0x0800253b   Thumb Code    24  api.o(.text)
    getValueByKey                            0x08002553   Thumb Code    62  api.o(.text)
    initFlash                                0x08002591   Thumb Code    56  api.o(.text)
    api_getModel                             0x080025c9   Thumb Code   400  api.o(.text)
    api_setModel                             0x08002759   Thumb Code  1088  api.o(.text)
    api_addDevice                            0x08002b99   Thumb Code   126  api.o(.text)
    api_bindDevice                           0x08002c17   Thumb Code   254  api.o(.text)
    api_unlock                               0x08002d15   Thumb Code   172  api.o(.text)
    api_visitor_img                          0x08002dc1   Thumb Code    28  api.o(.text)
    api_reboot                               0x08002ddd   Thumb Code    24  api.o(.text)
    api_debug                                0x08002df5   Thumb Code    48  api.o(.text)
    SPI_FLASH_SendByte                       0x08002f59   Thumb Code   106  fatfs_flash_spi.o(.text)
    SPI_FLASH_ReadID                         0x08002fc3   Thumb Code    74  fatfs_flash_spi.o(.text)
    TM_FATFS_FLASH_SPI_disk_initialize       0x0800300d   Thumb Code   242  fatfs_flash_spi.o(.text)
    TM_FATFS_FLASH_SPI_disk_status           0x080030ff   Thumb Code    44  fatfs_flash_spi.o(.text)
    TM_FATFS_FLASH_SPI_disk_ioctl            0x0800312b   Thumb Code    54  fatfs_flash_spi.o(.text)
    SPI_FLASH_BufferRead                     0x08003161   Thumb Code    74  fatfs_flash_spi.o(.text)
    TM_FATFS_FLASH_SPI_disk_read             0x080031ab   Thumb Code    44  fatfs_flash_spi.o(.text)
    SPI_FLASH_WaitForWriteEnd                0x080031d7   Thumb Code    74  fatfs_flash_spi.o(.text)
    SPI_FLASH_WriteEnable                    0x08003221   Thumb Code    26  fatfs_flash_spi.o(.text)
    SPI_FLASH_PageWrite                      0x0800323b   Thumb Code    92  fatfs_flash_spi.o(.text)
    SPI_FLASH_BufferWrite                    0x08003297   Thumb Code   352  fatfs_flash_spi.o(.text)
    SPI_FLASH_SectorErase                    0x080033f7   Thumb Code    62  fatfs_flash_spi.o(.text)
    TM_FATFS_FLASH_SPI_disk_write            0x08003435   Thumb Code    44  fatfs_flash_spi.o(.text)
    SPI_FLASH_BulkErase                      0x08003461   Thumb Code    34  fatfs_flash_spi.o(.text)
    SPI_FLASH_ReadDeviceID                   0x08003483   Thumb Code    56  fatfs_flash_spi.o(.text)
    SPI_FLASH_StartReadSequence              0x080034bb   Thumb Code    42  fatfs_flash_spi.o(.text)
    SPI_FLASH_ReadByte                       0x080034e5   Thumb Code    10  fatfs_flash_spi.o(.text)
    SPI_FLASH_SendHalfWord                   0x080034ef   Thumb Code   100  fatfs_flash_spi.o(.text)
    SPI_Flash_PowerDown                      0x08003553   Thumb Code    26  fatfs_flash_spi.o(.text)
    SPI_Flash_WAKEUP                         0x0800356d   Thumb Code    26  fatfs_flash_spi.o(.text)
    GetGBKCode_from_EXFlash                  0x08003587   Thumb Code    52  fatfs_flash_spi.o(.text)
    set_w5500_ip                             0x080035c9   Thumb Code   250  w5500_conf.o(.text)
    set_w5500_mac                            0x080036c3   Thumb Code    32  w5500_conf.o(.text)
    gpio_for_w5500_config                    0x080036e3   Thumb Code   254  w5500_conf.o(.text)
    wiz_cs                                   0x080037e1   Thumb Code    32  w5500_conf.o(.text)
    iinchip_csoff                            0x08003801   Thumb Code    10  w5500_conf.o(.text)
    iinchip_cson                             0x0800380b   Thumb Code    10  w5500_conf.o(.text)
    reset_w5500                              0x08003815   Thumb Code    38  w5500_conf.o(.text)
    SPI_SendByte                             0x0800383b   Thumb Code    50  w5500_conf.o(.text)
    IINCHIP_SpiSendData                      0x0800386d   Thumb Code    12  w5500_conf.o(.text)
    IINCHIP_WRITE                            0x08003879   Thumb Code    50  w5500_conf.o(.text)
    IINCHIP_READ                             0x080038ab   Thumb Code    50  w5500_conf.o(.text)
    wiz_write_buf                            0x080038dd   Thumb Code    80  w5500_conf.o(.text)
    wiz_read_buf                             0x0800392d   Thumb Code    78  w5500_conf.o(.text)
    timer2_init                              0x0800397b   Thumb Code    20  w5500_conf.o(.text)
    dhcp_timer_init                          0x0800398f   Thumb Code     8  w5500_conf.o(.text)
    ntp_timer_init                           0x08003997   Thumb Code     8  w5500_conf.o(.text)
    timer2_isr                               0x0800399f   Thumb Code   308  w5500_conf.o(.text)
    reboot                                   0x08003ad3   Thumb Code    18  w5500_conf.o(.text)
    getMac                                   0x08003ae5   Thumb Code    44  w5500_conf.o(.text)
    setMR                                    0x08003b4d   Thumb Code    14  w5500.o(.text)
    iinchip_init                             0x08003b5b   Thumb Code    10  w5500.o(.text)
    getIINCHIP_RxMAX                         0x08003b65   Thumb Code    10  w5500.o(.text)
    getIINCHIP_TxMAX                         0x08003b6f   Thumb Code    10  w5500.o(.text)
    setGAR                                   0x08003b79   Thumb Code    16  w5500.o(.text)
    getGAR                                   0x08003b89   Thumb Code    16  w5500.o(.text)
    setSUBR                                  0x08003b99   Thumb Code    18  w5500.o(.text)
    setSHAR                                  0x08003bab   Thumb Code    18  w5500.o(.text)
    setSIPR                                  0x08003bbd   Thumb Code    18  w5500.o(.text)
    getSUBR                                  0x08003bcf   Thumb Code    18  w5500.o(.text)
    getSHAR                                  0x08003be1   Thumb Code    18  w5500.o(.text)
    getSIPR                                  0x08003bf3   Thumb Code    18  w5500.o(.text)
    getIR                                    0x08003c05   Thumb Code    12  w5500.o(.text)
    setRTR                                   0x08003c11   Thumb Code    26  w5500.o(.text)
    setRCR                                   0x08003c2b   Thumb Code    16  w5500.o(.text)
    clearIR                                  0x08003c3b   Thumb Code    26  w5500.o(.text)
    setSn_MSS                                0x08003c55   Thumb Code    36  w5500.o(.text)
    setSn_TTL                                0x08003c79   Thumb Code    22  w5500.o(.text)
    getSn_IR                                 0x08003c8f   Thumb Code    18  w5500.o(.text)
    setSn_IR                                 0x08003ca1   Thumb Code    22  w5500.o(.text)
    getSn_SR                                 0x08003cb7   Thumb Code    18  w5500.o(.text)
    getSn_TX_FSR                             0x08003cc9   Thumb Code    84  w5500.o(.text)
    getSn_RX_RSR                             0x08003d1d   Thumb Code    84  w5500.o(.text)
    send_data_processing                     0x08003d71   Thumb Code   116  w5500.o(.text)
    recv_data_processing                     0x08003de5   Thumb Code   116  w5500.o(.text)
    socket_buf_init                          0x08003e59   Thumb Code   128  w5500.o(.text)
    close                                    0x08003f21   Thumb Code    52  socket.o(.text)
    socket                                   0x08003f55   Thumb Code   192  socket.o(.text)
    listen                                   0x08004015   Thumb Code    62  socket.o(.text)
    connect                                  0x08004053   Thumb Code   248  socket.o(.text)
    disconnect                               0x0800414b   Thumb Code    38  socket.o(.text)
    send                                     0x08004171   Thumb Code   216  socket.o(.text)
    recv                                     0x08004249   Thumb Code    66  socket.o(.text)
    sendto                                   0x0800428b   Thumb Code   268  socket.o(.text)
    recvfrom                                 0x08004397   Thumb Code   510  socket.o(.text)
    systick_init                             0x080045ad   Thumb Code    56  utility.o(.text)
    delay_ms                                 0x080045e5   Thumb Code    56  utility.o(.text)
    delay_s                                  0x0800461d   Thumb Code    22  utility.o(.text)
    delay_us                                 0x08004633   Thumb Code    56  utility.o(.text)
    c2d                                      0x0800466b   Thumb Code    54  utility.o(.text)
    atoi16                                   0x080046a1   Thumb Code    32  utility.o(.text)
    atoi32                                   0x080046c1   Thumb Code    32  utility.o(.text)
    itoa                                     0x080046e1   Thumb Code    64  utility.o(.text)
    validatoi                                0x08004721   Thumb Code    72  utility.o(.text)
    replacetochar                            0x08004769   Thumb Code    26  utility.o(.text)
    swaps                                    0x08004783   Thumb Code    14  utility.o(.text)
    swapl                                    0x08004791   Thumb Code    28  utility.o(.text)
    mid                                      0x080047ad   Thumb Code    68  utility.o(.text)
    inet_addr_                               0x080047f1   Thumb Code    90  utility.o(.text)
    inet_ntoa                                0x0800484b   Thumb Code    40  utility.o(.text)
    inet_ntoa_pad                            0x08004873   Thumb Code    40  utility.o(.text)
    verify_ip_address                        0x0800489b   Thumb Code   116  utility.o(.text)
    htons                                    0x0800490f   Thumb Code    12  utility.o(.text)
    htonl                                    0x0800491b   Thumb Code    12  utility.o(.text)
    ntohs                                    0x08004927   Thumb Code    12  utility.o(.text)
    ntohl                                    0x08004933   Thumb Code    12  utility.o(.text)
    checksum                                 0x0800493f   Thumb Code    76  utility.o(.text)
    check_dest_in_local                      0x0800498b   Thumb Code   116  utility.o(.text)
    unescape_http_url                        0x08004a01   Thumb Code    62  http_server.o(.text)
    make_http_response_head                  0x08004a3f   Thumb Code   108  http_server.o(.text)
    find_http_uri_type                       0x08004aab   Thumb Code   258  http_server.o(.text)
    parse_http_request                       0x08004bad   Thumb Code   156  http_server.o(.text)
    get_http_param_value                     0x08004c49   Thumb Code   182  http_server.o(.text)
    parseUrl                                 0x08004f29   Thumb Code   256  httputil.o(.text)
    sendResponseJson                         0x08005029   Thumb Code   122  httputil.o(.text)
    sendResponseHtml                         0x080050a3   Thumb Code   142  httputil.o(.text)
    proc_http                                0x08005131   Thumb Code   446  httputil.o(.text)
    do_https                                 0x080052ef   Thumb Code   434  httputil.o(.text)
    sendImg                                  0x080054a1   Thumb Code   360  httputil.o(.text)
    make_cgi_response                        0x08005609   Thumb Code    34  httputil.o(.text)
    disk_initialize                          0x08005645   Thumb Code    34  diskio.o(.text)
    disk_status                              0x08005667   Thumb Code    26  diskio.o(.text)
    disk_read                                0x08005681   Thumb Code    46  diskio.o(.text)
    disk_write                               0x080056af   Thumb Code    52  diskio.o(.text)
    disk_ioctl                               0x080056e3   Thumb Code    38  diskio.o(.text)
    get_fattime                              0x08005709   Thumb Code     4  diskio.o(.text)
    clust2sect                               0x080058c7   Thumb Code    26  ff.o(.text)
    get_fat                                  0x080058e1   Thumb Code   318  ff.o(.text)
    put_fat                                  0x08005a1f   Thumb Code   392  ff.o(.text)
    f_mount                                  0x08006df7   Thumb Code    86  ff.o(.text)
    f_open                                   0x08006e4d   Thumb Code   362  ff.o(.text)
    f_read                                   0x08006fb7   Thumb Code   482  ff.o(.text)
    f_write                                  0x08007199   Thumb Code   524  ff.o(.text)
    f_sync                                   0x080073a5   Thumb Code   176  ff.o(.text)
    f_close                                  0x08007455   Thumb Code    32  ff.o(.text)
    f_lseek                                  0x08007475   Thumb Code   410  ff.o(.text)
    f_opendir                                0x0800760f   Thumb Code   118  ff.o(.text)
    f_closedir                               0x08007685   Thumb Code    22  ff.o(.text)
    f_readdir                                0x0800769b   Thumb Code   100  ff.o(.text)
    f_stat                                   0x080076ff   Thumb Code    68  ff.o(.text)
    f_getfree                                0x08007743   Thumb Code   258  ff.o(.text)
    f_truncate                               0x08007845   Thumb Code   184  ff.o(.text)
    f_unlink                                 0x080078fd   Thumb Code   178  ff.o(.text)
    f_mkdir                                  0x080079af   Thumb Code   358  ff.o(.text)
    f_chmod                                  0x08007b15   Thumb Code    92  ff.o(.text)
    f_rename                                 0x08007b71   Thumb Code   266  ff.o(.text)
    f_utime                                  0x08007c7b   Thumb Code    94  ff.o(.text)
    f_getlabel                               0x08007cd9   Thumb Code   190  ff.o(.text)
    f_setlabel                               0x08007d97   Thumb Code   470  ff.o(.text)
    f_mkfs                                   0x08007f6d   Thumb Code  1626  ff.o(.text)
    f_gets                                   0x080085c7   Thumb Code    86  ff.o(.text)
    f_putc                                   0x080086a5   Thumb Code    64  ff.o(.text)
    f_puts                                   0x080086e5   Thumb Code    74  ff.o(.text)
    f_printf                                 0x0800872f   Thumb Code   628  ff.o(.text)
    ff_convert                               0x080089a5   Thumb Code   116  cc936.o(.text)
    ff_wtoupper                              0x08008a19   Thumb Code    46  cc936.o(.text)
    Ov7725_GPIO_Config                       0x08008b2d   Thumb Code    12  bsp_ov7725.o(.text)
    VSYNC_Init                               0x08008bb7   Thumb Code    16  bsp_ov7725.o(.text)
    Ov7725_Init                              0x08008bc7   Thumb Code   142  bsp_ov7725.o(.text)
    ImagDisp                                 0x08008c55   Thumb Code    74  bsp_ov7725.o(.text)
    SCCB_GPIO_Config                         0x08008d51   Thumb Code    38  bsp_sccb.o(.text)
    SCCB_WriteByte                           0x08008f5d   Thumb Code    64  bsp_sccb.o(.text)
    SCCB_ReadByte                            0x08008f9d   Thumb Code   122  bsp_sccb.o(.text)
    __aeabi_memcpy                           0x0800901d   Thumb Code    36  memcpya.o(.text)
    __aeabi_memcpy4                          0x0800901d   Thumb Code     0  memcpya.o(.text)
    __aeabi_memcpy8                          0x0800901d   Thumb Code     0  memcpya.o(.text)
    __aeabi_memset                           0x08009041   Thumb Code    14  memseta.o(.text)
    __aeabi_memset4                          0x08009041   Thumb Code     0  memseta.o(.text)
    __aeabi_memset8                          0x08009041   Thumb Code     0  memseta.o(.text)
    __aeabi_memclr                           0x0800904f   Thumb Code     4  memseta.o(.text)
    __aeabi_memclr4                          0x0800904f   Thumb Code     0  memseta.o(.text)
    __aeabi_memclr8                          0x0800904f   Thumb Code     0  memseta.o(.text)
    _memset$wrapper                          0x08009053   Thumb Code    18  memseta.o(.text)
    strcat                                   0x08009065   Thumb Code    24  strcat.o(.text)
    strstr                                   0x0800907d   Thumb Code    36  strstr.o(.text)
    strncpy                                  0x080090a1   Thumb Code    24  strncpy.o(.text)
    strlen                                   0x080090b9   Thumb Code    14  strlen.o(.text)
    strcmp                                   0x080090c7   Thumb Code    28  strcmp.o(.text)
    strcpy                                   0x080090e3   Thumb Code    18  strcpy.o(.text)
    strtok                                   0x080090f5   Thumb Code    62  strtok.o(.text)
    atoi                                     0x08009139   Thumb Code    26  atoi.o(.text)
    __aeabi_uidiv                            0x08009153   Thumb Code     0  uidiv.o(.text)
    __aeabi_uidivmod                         0x08009153   Thumb Code    44  uidiv.o(.text)
    __aeabi_uldivmod                         0x0800917f   Thumb Code    98  uldiv.o(.text)
    strtol                                   0x080091e1   Thumb Code   112  strtol.o(.text)
    __I$use$fp                               0x08009251   Thumb Code     0  iusefp.o(.text)
    __aeabi_dadd                             0x08009251   Thumb Code   322  dadd.o(.text)
    __aeabi_dsub                             0x08009393   Thumb Code     6  dadd.o(.text)
    __aeabi_drsub                            0x08009399   Thumb Code     6  dadd.o(.text)
    __aeabi_dmul                             0x0800939f   Thumb Code   228  dmul.o(.text)
    __aeabi_ddiv                             0x08009483   Thumb Code   222  ddiv.o(.text)
    __aeabi_d2ulz                            0x08009561   Thumb Code    48  dfixul.o(.text)
    __aeabi_cdrcmple                         0x08009591   Thumb Code    48  cdrcmple.o(.text)
    __scatterload                            0x080095c1   Thumb Code    28  init.o(.text)
    __scatterload_rt2                        0x080095c1   Thumb Code     0  init.o(.text)
    __aeabi_llsl                             0x080095e5   Thumb Code    30  llshl.o(.text)
    _ll_shift_l                              0x080095e5   Thumb Code     0  llshl.o(.text)
    __aeabi_llsr                             0x08009603   Thumb Code    32  llushr.o(.text)
    _ll_ushift_r                             0x08009603   Thumb Code     0  llushr.o(.text)
    __aeabi_lasr                             0x08009623   Thumb Code    36  llsshr.o(.text)
    _ll_sshift_r                             0x08009623   Thumb Code     0  llsshr.o(.text)
    __rt_ctype_table                         0x08009649   Thumb Code     4  ctype_o.o(.text)
    _strtoul                                 0x08009651   Thumb Code   158  _strtoul.o(.text)
    _double_round                            0x080096ef   Thumb Code    30  depilogue.o(.text)
    _double_epilogue                         0x0800970d   Thumb Code   156  depilogue.o(.text)
    _chval                                   0x080097a9   Thumb Code    28  _chval.o(.text)
    __decompress                             0x080097c5   Thumb Code     0  __dczerorl2.o(.text)
    __decompress1                            0x080097c5   Thumb Code    86  __dczerorl2.o(.text)
    __0printf                                0x0800981d   Thumb Code    22  printfa.o(i.__0printf)
    __1printf                                0x0800981d   Thumb Code     0  printfa.o(i.__0printf)
    __2printf$full                           0x0800981d   Thumb Code     0  printfa.o(i.__0printf)
    __c89printf                              0x0800981d   Thumb Code     0  printfa.o(i.__0printf)
    printf                                   0x0800981d   Thumb Code     0  printfa.o(i.__0printf)
    __0printf$8                              0x0800983d   Thumb Code    22  printf8.o(i.__0printf$8)
    __1printf$8                              0x0800983d   Thumb Code     0  printf8.o(i.__0printf$8)
    __2printf                                0x0800983d   Thumb Code     0  printf8.o(i.__0printf$8)
    __0sprintf$8                             0x0800985d   Thumb Code    34  printf8.o(i.__0sprintf$8)
    __1sprintf$8                             0x0800985d   Thumb Code     0  printf8.o(i.__0sprintf$8)
    __2sprintf                               0x0800985d   Thumb Code     0  printf8.o(i.__0sprintf$8)
    __aeabi_errno_addr                       0x08009885   Thumb Code     4  errno.o(i.__aeabi_errno_addr)
    __rt_errno_addr                          0x08009885   Thumb Code     0  errno.o(i.__aeabi_errno_addr)
    __scatterload_copy                       0x0800988d   Thumb Code    14  handlers.o(i.__scatterload_copy)
    __scatterload_null                       0x0800989b   Thumb Code     2  handlers.o(i.__scatterload_null)
    __scatterload_zeroinit                   0x0800989d   Thumb Code    14  handlers.o(i.__scatterload_zeroinit)
    __ctype_table                            0x08035324   Data         129  ctype_o.o(.constdata)
    Region$$Table$$Base                      0x08035e98   Number         0  anon$$obj.o(Region$$Table)
    Region$$Table$$Limit                     0x08035eb8   Number         0  anon$$obj.o(Region$$Table)
    SystemCoreClock                          0x20000000   Data           4  system_stm32f10x.o(.data)
    AHBPrescTable                            0x20000004   Data          16  system_stm32f10x.o(.data)
    reboot_flag                              0x20000028   Data           1  main.o(.data)
    mac                                      0x20000034   Data           6  w5500_conf.o(.data)
    local_ip                                 0x2000003a   Data           4  w5500_conf.o(.data)
    subnet                                   0x2000003e   Data           4  w5500_conf.o(.data)
    gateway                                  0x20000042   Data           4  w5500_conf.o(.data)
    dns_server                               0x20000046   Data           4  w5500_conf.o(.data)
    local_port                               0x2000004a   Data           2  w5500_conf.o(.data)
    remote_ip                                0x2000004c   Data           4  w5500_conf.o(.data)
    remote_port                              0x20000050   Data           2  w5500_conf.o(.data)
    ip_from                                  0x20000052   Data           1  w5500_conf.o(.data)
    dhcp_ok                                  0x20000053   Data           1  w5500_conf.o(.data)
    ms                                       0x20000054   Data           4  w5500_conf.o(.data)
    dhcp_time                                0x20000058   Data           4  w5500_conf.o(.data)
    ntptimer                                 0x2000005c   Data           1  w5500_conf.o(.data)
    txsize                                   0x2000005d   Data           8  w5500.o(.data)
    rxsize                                   0x20000065   Data           8  w5500.o(.data)
    tmp_buf                                  0x20000074   Data        1460  httputil.o(.data)
    res_flash                                0x20000628   Data           1  httputil.o(.data)
    br                                       0x2000062c   Data           4  httputil.o(.data)
    bw                                       0x20000630   Data           4  httputil.o(.data)
    Sensor_Config                            0x2000063e   Data         154  bsp_ov7725.o(.data)
    OV7725_REG_NUM                           0x200006d8   Data           1  bsp_ov7725.o(.data)
    Ov7725_vsync                             0x200006d9   Data           1  bsp_ov7725.o(.data)
    __stdout                                 0x200006e0   Data           4  stdout.o(.data)
    fs                                       0x200006e8   Data        4144  main.o(.bss)
    ConfigMsg                                0x20001718   Data          28  w5500_conf.o(.bss)
    EEPROM_MSG                               0x20001734   Data          18  w5500_conf.o(.bss)
    SSIZE                                    0x20001746   Data          16  w5500.o(.bss)
    RSIZE                                    0x20001756   Data          16  w5500.o(.bss)
    DHCP_GET                                 0x20001796   Data          22  dhcp.o(.bss)
    EXTERN_DHCPBUF                           0x200017ac   Data        1024  dhcp.o(.bss)
    tx_buf                                   0x20001bac   Data        1460  http_server.o(.bss)
    rx_buf                                   0x20002160   Data        1460  http_server.o(.bss)
    pub_buf                                  0x20002714   Data        1024  http_server.o(.bss)
    boundary                                 0x20002b14   Data          64  httputil.o(.bss)
    fnew                                     0x20002b54   Data        4132  httputil.o(.bss)
    buffer                                   0x20003b78   Data        1024  httputil.o(.bss)
    __initial_sp                             0x20004f78   Data           0  startup_stm32f10x_hd.o(STACK)



==============================================================================

Memory Map of the image

  Image Entry point : 0x08000131

  Load Region LR_IROM1 (Base: 0x08000000, Size: 0x000365a0, Max: 0x00080000, ABSOLUTE, COMPRESSED[0x00035fa4])

    Execution Region ER_IROM1 (Base: 0x08000000, Size: 0x00035eb8, Max: 0x00080000, ABSOLUTE)

    Base Addr    Size         Type   Attr      Idx    E Section Name        Object

    0x08000000   0x00000130   Data   RO            3    RESET               startup_stm32f10x_hd.o
    0x08000130   0x00000000   Code   RO          688  * .ARM.Collect$$$$00000000  mc_w.l(entry.o)
    0x08000130   0x00000004   Code   RO          980    .ARM.Collect$$$$00000001  mc_w.l(entry2.o)
    0x08000134   0x00000004   Code   RO          983    .ARM.Collect$$$$00000004  mc_w.l(entry5.o)
    0x08000138   0x00000000   Code   RO          985    .ARM.Collect$$$$00000008  mc_w.l(entry7b.o)
    0x08000138   0x00000000   Code   RO          987    .ARM.Collect$$$$0000000A  mc_w.l(entry8b.o)
    0x08000138   0x00000008   Code   RO          988    .ARM.Collect$$$$0000000B  mc_w.l(entry9a.o)
    0x08000140   0x00000000   Code   RO          990    .ARM.Collect$$$$0000000D  mc_w.l(entry10a.o)
    0x08000140   0x00000000   Code   RO          992    .ARM.Collect$$$$0000000F  mc_w.l(entry11a.o)
    0x08000140   0x00000004   Code   RO          981    .ARM.Collect$$$$00002712  mc_w.l(entry2.o)
    0x08000144   0x00000024   Code   RO            4    .text               startup_stm32f10x_hd.o
    0x08000168   0x000001e0   Code   RO           24    .text               system_stm32f10x.o
    0x08000348   0x000000dc   Code   RO          121    .text               misc.o
    0x08000424   0x0000011c   Code   RO          149    .text               stm32f10x_exti.o
    0x08000540   0x0000035c   Code   RO          173    .text               stm32f10x_gpio.o
    0x0800089c   0x000003a4   Code   RO          185    .text               stm32f10x_rcc.o
    0x08000c40   0x0000030c   Code   RO          199    .text               stm32f10x_spi.o
    0x08000f4c   0x00000e1a   Code   RO          211    .text               stm32f10x_tim.o
    0x08001d66   0x00000002   PAD
    0x08001d68   0x00000408   Code   RO          223    .text               stm32f10x_usart.o
    0x08002170   0x00000138   Code   RO          235    .text               main.o
    0x080022a8   0x00000090   Code   RO          306    .text               stm32f10x_it.o
    0x08002338   0x000000b4   Code   RO          326    .text               bsp_usart1.o
    0x080023ec   0x000000ac   Code   RO          338    .text               bsp_led.o
    0x08002498   0x0000007a   Code   RO          350    .text               bsp_timbase.o
    0x08002512   0x00000002   PAD
    0x08002514   0x00000a38   Code   RO          365    .text               api.o
    0x08002f4c   0x0000067c   Code   RO          385    .text               fatfs_flash_spi.o
    0x080035c8   0x00000584   Code   RO          403    .text               w5500_conf.o
    0x08003b4c   0x000003d4   Code   RO          437    .text               w5500.o
    0x08003f20   0x0000068c   Code   RO          463    .text               socket.o
    0x080045ac   0x00000452   Code   RO          486    .text               utility.o
    0x080049fe   0x00000002   PAD
    0x08004a00   0x000004a0   Code   RO          541    .text               http_server.o
    0x08004ea0   0x000007a4   Code   RO          564    .text               httputil.o
    0x08005644   0x000000cc   Code   RO          589    .text               diskio.o
    0x08005710   0x00003292   Code   RO          611    .text               ff.o
    0x080089a2   0x00000002   PAD
    0x080089a4   0x000000b4   Code   RO          632    .text               cc936.o
    0x08008a58   0x000002f8   Code   RO          655    .text               bsp_ov7725.o
    0x08008d50   0x000002cc   Code   RO          673    .text               bsp_sccb.o
    0x0800901c   0x00000024   Code   RO          691    .text               mc_w.l(memcpya.o)
    0x08009040   0x00000024   Code   RO          693    .text               mc_w.l(memseta.o)
    0x08009064   0x00000018   Code   RO          695    .text               mc_w.l(strcat.o)
    0x0800907c   0x00000024   Code   RO          697    .text               mc_w.l(strstr.o)
    0x080090a0   0x00000018   Code   RO          699    .text               mc_w.l(strncpy.o)
    0x080090b8   0x0000000e   Code   RO          701    .text               mc_w.l(strlen.o)
    0x080090c6   0x0000001c   Code   RO          703    .text               mc_w.l(strcmp.o)
    0x080090e2   0x00000012   Code   RO          707    .text               mc_w.l(strcpy.o)
    0x080090f4   0x00000044   Code   RO          709    .text               mc_w.l(strtok.o)
    0x08009138   0x0000001a   Code   RO          978    .text               mc_w.l(atoi.o)
    0x08009152   0x0000002c   Code   RO          995    .text               mc_w.l(uidiv.o)
    0x0800917e   0x00000062   Code   RO          997    .text               mc_w.l(uldiv.o)
    0x080091e0   0x00000070   Code   RO         1006    .text               mc_w.l(strtol.o)
    0x08009250   0x00000000   Code   RO         1008    .text               mc_w.l(iusefp.o)
    0x08009250   0x0000014e   Code   RO         1009    .text               mf_w.l(dadd.o)
    0x0800939e   0x000000e4   Code   RO         1011    .text               mf_w.l(dmul.o)
    0x08009482   0x000000de   Code   RO         1013    .text               mf_w.l(ddiv.o)
    0x08009560   0x00000030   Code   RO         1015    .text               mf_w.l(dfixul.o)
    0x08009590   0x00000030   Code   RO         1017    .text               mf_w.l(cdrcmple.o)
    0x080095c0   0x00000024   Code   RO         1019    .text               mc_w.l(init.o)
    0x080095e4   0x0000001e   Code   RO         1021    .text               mc_w.l(llshl.o)
    0x08009602   0x00000020   Code   RO         1023    .text               mc_w.l(llushr.o)
    0x08009622   0x00000024   Code   RO         1025    .text               mc_w.l(llsshr.o)
    0x08009646   0x00000002   PAD
    0x08009648   0x00000008   Code   RO         1027    .text               mc_w.l(ctype_o.o)
    0x08009650   0x0000009e   Code   RO         1055    .text               mc_w.l(_strtoul.o)
    0x080096ee   0x000000ba   Code   RO         1057    .text               mf_w.l(depilogue.o)
    0x080097a8   0x0000001c   Code   RO         1059    .text               mc_w.l(_chval.o)
    0x080097c4   0x00000056   Code   RO         1069    .text               mc_w.l(__dczerorl2.o)
    0x0800981a   0x00000002   PAD
    0x0800981c   0x00000020   Code   RO          950    i.__0printf         mc_w.l(printfa.o)
    0x0800983c   0x00000020   Code   RO          924    i.__0printf$8       mc_w.l(printf8.o)
    0x0800985c   0x00000028   Code   RO          926    i.__0sprintf$8      mc_w.l(printf8.o)
    0x08009884   0x00000008   Code   RO          999    i.__aeabi_errno_addr  mc_w.l(errno.o)
    0x0800988c   0x0000000e   Code   RO         1063    i.__scatterload_copy  mc_w.l(handlers.o)
    0x0800989a   0x00000002   Code   RO         1064    i.__scatterload_null  mc_w.l(handlers.o)
    0x0800989c   0x0000000e   Code   RO         1065    i.__scatterload_zeroinit  mc_w.l(handlers.o)
    0x080098aa   0x00000002   PAD
    0x080098ac   0x00000164   Code   RO          957    i._fp_digits        mc_w.l(printfa.o)
    0x08009a10   0x00000410   Code   RO          931    i._printf_core      mc_w.l(printf8.o)
    0x08009e20   0x000006dc   Code   RO          958    i._printf_core      mc_w.l(printfa.o)
    0x0800a4fc   0x00000024   Code   RO          932    i._printf_post_padding  mc_w.l(printf8.o)
    0x0800a520   0x00000024   Code   RO          959    i._printf_post_padding  mc_w.l(printfa.o)
    0x0800a544   0x0000002e   Code   RO          933    i._printf_pre_padding  mc_w.l(printf8.o)
    0x0800a572   0x0000002e   Code   RO          960    i._printf_pre_padding  mc_w.l(printfa.o)
    0x0800a5a0   0x0000000a   Code   RO          935    i._sputc            mc_w.l(printf8.o)
    0x0800a5aa   0x00000002   PAD
    0x0800a5ac   0x00000076   Data   RO          566    .constdata          httputil.o
    0x0800a622   0x0000003a   Data   RO          612    .constdata          ff.o
    0x0800a65c   0x0002acc8   Data   RO          633    .constdata          cc936.o
    0x08035324   0x00000081   Data   RO         1028    .constdata          mc_w.l(ctype_o.o)
    0x080353a5   0x00000003   PAD
    0x080353a8   0x00000004   Data   RO         1029    .constdata          mc_w.l(ctype_o.o)
    0x080353ac   0x000000e9   Data   RO          366    .conststring        api.o
    0x08035495   0x00000003   PAD
    0x08035498   0x0000012b   Data   RO          543    .conststring        http_server.o
    0x080355c3   0x00000001   PAD
    0x080355c4   0x000008d1   Data   RO          567    .conststring        httputil.o
    0x08035e95   0x00000003   PAD
    0x08035e98   0x00000020   Data   RO         1061    Region$$Table       anon$$obj.o


    Execution Region RW_IRAM1 (Base: 0x20000000, Size: 0x00004f78, Max: 0x00010000, ABSOLUTE, COMPRESSED[0x000000ec])

    Base Addr    Size         Type   Attr      Idx    E Section Name        Object

    0x20000000   0x00000014   Data   RW           25    .data               system_stm32f10x.o
    0x20000014   0x00000014   Data   RW          186    .data               stm32f10x_rcc.o
    0x20000028   0x00000001   Data   RW          237    .data               main.o
    0x20000029   0x00000003   PAD
    0x2000002c   0x00000005   Data   RW          387    .data               fatfs_flash_spi.o
    0x20000031   0x00000003   PAD
    0x20000034   0x00000029   Data   RW          405    .data               w5500_conf.o
    0x2000005d   0x00000010   Data   RW          439    .data               w5500.o
    0x2000006d   0x00000001   PAD
    0x2000006e   0x00000004   Data   RW          488    .data               utility.o
    0x20000072   0x00000002   PAD
    0x20000074   0x000005c0   Data   RW          568    .data               httputil.o
    0x20000634   0x0000000a   Data   RW          613    .data               ff.o
    0x2000063e   0x0000009c   Data   RW          656    .data               bsp_ov7725.o
    0x200006da   0x00000002   PAD
    0x200006dc   0x00000004   Data   RW          710    .data               mc_w.l(strtok.o)
    0x200006e0   0x00000004   Data   RW          994    .data               mc_w.l(stdout.o)
    0x200006e4   0x00000004   Data   RW         1002    .data               mc_w.l(errno.o)
    0x200006e8   0x00001030   Zero   RW          236    .bss                main.o
    0x20001718   0x0000002e   Zero   RW          404    .bss                w5500_conf.o
    0x20001746   0x00000020   Zero   RW          438    .bss                w5500.o
    0x20001766   0x00000030   Zero   RW          487    .bss                utility.o
    0x20001796   0x00000416   Zero   RW          517    .bss                dhcp.o
    0x20001bac   0x00000f68   Zero   RW          542    .bss                http_server.o
    0x20002b14   0x00001464   Zero   RW          565    .bss                httputil.o
    0x20003f78   0x00001000   Zero   RW            1    STACK               startup_stm32f10x_hd.o


==============================================================================

Image component sizes


      Code (inc. data)   RO Data    RW Data    ZI Data      Debug   Object Name

      2616        516        233          0          0       6493   api.o
       172          4          0          0          0        725   bsp_led.o
       760        178          0        156          0       2737   bsp_ov7725.o
       716          6          0          0          0       2876   bsp_sccb.o
       122          0          0          0          0        741   bsp_timbase.o
       180          8          0          0          0        992   bsp_usart1.o
       180         18     175304          0          0       2237   cc936.o
         0          0          0          0          0       4492   core_cm3.o
         0          0          0          0       1046       4526   dhcp.o
       204          4          0          0          0       3710   diskio.o
      1660         76          0          5          0       7024   fatfs_flash_spi.o
     12946        142         58         10          0      35298   ff.o
      1184        418        299          0       3944       5354   http_server.o
      1956        270       2375       1472       5220       7078   httputil.o
       312        146          0          1       4144       6524   main.o
       220         22          0          0          0       1829   misc.o
      1676         48          0          0          0       6574   socket.o
        36          8        304          0       4096        872   startup_stm32f10x_hd.o
       284         10          0          0          0       2259   stm32f10x_exti.o
       860         38          0          0          0       5669   stm32f10x_gpio.o
       144         14          0          0          0       1585   stm32f10x_it.o
       932         36          0         20          0       8848   stm32f10x_rcc.o
       780         14          0          0          0       6554   stm32f10x_spi.o
      3610         88          0          0          0      22156   stm32f10x_tim.o
      1032         22          0          0          0       8400   stm32f10x_usart.o
       480         38          0         20          0     259483   system_stm32f10x.o
      1106         54          0          4         48       6750   utility.o
       980         72          0         16         32       5948   w5500.o
      1412        318          0         41         46       7655   w5500_conf.o

    ----------------------------------------------------------------------
     36568       2568     178612       1756      18576     435389   Object Totals
         0          0         32          0          0          0   (incl. Generated)
         8          0          7         11          0          0   (incl. Padding)

    ----------------------------------------------------------------------

      Code (inc. data)   RO Data    RW Data    ZI Data      Debug   Library Member Name

        86          0          0          0          0          0   __dczerorl2.o
        28          0          0          0          0         68   _chval.o
       158          0          0          0          0         92   _strtoul.o
        26          0          0          0          0         80   atoi.o
         8          4        133          0          0         68   ctype_o.o
         0          0          0          0          0          0   entry.o
         0          0          0          0          0          0   entry10a.o
         0          0          0          0          0          0   entry11a.o
         8          4          0          0          0          0   entry2.o
         4          0          0          0          0          0   entry5.o
         0          0          0          0          0          0   entry7b.o
         0          0          0          0          0          0   entry8b.o
         8          4          0          0          0          0   entry9a.o
         8          4          0          4          0         68   errno.o
        30          0          0          0          0          0   handlers.o
        36          8          0          0          0         68   init.o
         0          0          0          0          0          0   iusefp.o
        30          0          0          0          0         68   llshl.o
        36          0          0          0          0         68   llsshr.o
        32          0          0          0          0         68   llushr.o
        36          0          0          0          0         68   memcpya.o
        36          0          0          0          0        108   memseta.o
      1204         60          0          0          0        504   printf8.o
      2226         90          0          0          0        444   printfa.o
         0          0          0          4          0          0   stdout.o
        24          0          0          0          0         68   strcat.o
        28          0          0          0          0         76   strcmp.o
        18          0          0          0          0         68   strcpy.o
        14          0          0          0          0         68   strlen.o
        24          0          0          0          0         76   strncpy.o
        36          0          0          0          0         80   strstr.o
        68          6          0          4          0         80   strtok.o
       112          0          0          0          0         88   strtol.o
        44          0          0          0          0         80   uidiv.o
        98          0          0          0          0         92   uldiv.o
        48          0          0          0          0         68   cdrcmple.o
       334          0          0          0          0        148   dadd.o
       222          0          0          0          0        100   ddiv.o
       186          0          0          0          0        176   depilogue.o
        48          0          0          0          0         68   dfixul.o
       228          0          0          0          0         96   dmul.o

    ----------------------------------------------------------------------
      5540        180        136         12          0       3204   Library Totals
         8          0          3          0          0          0   (incl. Padding)

    ----------------------------------------------------------------------

      Code (inc. data)   RO Data    RW Data    ZI Data      Debug   Library Name

      4466        180        133         12          0       2548   mc_w.l
      1066          0          0          0          0        656   mf_w.l

    ----------------------------------------------------------------------
      5540        180        136         12          0       3204   Library Totals

    ----------------------------------------------------------------------

==============================================================================


      Code (inc. data)   RO Data    RW Data    ZI Data      Debug   

     42108       2748     178748       1768      18576     434821   Grand Totals
     42108       2748     178748        236      18576     434821   ELF Image Totals (compressed)
     42108       2748     178748        236          0          0   ROM Totals

==============================================================================

    Total RO  Size (Code + RO Data)               220856 ( 215.68kB)
    Total RW  Size (RW Data + ZI Data)             20344 (  19.87kB)
    Total ROM Size (Code + RO Data + RW Data)     221092 ( 215.91kB)

==============================================================================

