Component: ARM Compiler 5.05 (build 41) Tool: armlink [4d0eb9]

==============================================================================

Section Cross References

    startup_stm32f10x_hd.o(RESET) refers to startup_stm32f10x_hd.o(STACK) for __initial_sp
    startup_stm32f10x_hd.o(RESET) refers to startup_stm32f10x_hd.o(.text) for Reset_Handler
    startup_stm32f10x_hd.o(RESET) refers to stm32f10x_it.o(.text) for NMI_Handler
    startup_stm32f10x_hd.o(.text) refers to system_stm32f10x.o(.text) for SystemInit
    startup_stm32f10x_hd.o(.text) refers to entry.o(.ARM.Collect$$$$00000000) for __main
    system_stm32f10x.o(.text) refers to system_stm32f10x.o(.data) for SystemCoreClock
    stm32f10x_bkp.o(.text) refers to stm32f10x_rcc.o(.text) for RCC_BackupResetCmd
    stm32f10x_gpio.o(.text) refers to stm32f10x_rcc.o(.text) for RCC_APB2PeriphResetCmd
    stm32f10x_rcc.o(.text) refers to stm32f10x_rcc.o(.data) for APBAHBPrescTable
    stm32f10x_spi.o(.text) refers to stm32f10x_rcc.o(.text) for RCC_APB2PeriphResetCmd
    stm32f10x_tim.o(.text) refers to stm32f10x_rcc.o(.text) for RCC_APB2PeriphResetCmd
    stm32f10x_usart.o(.text) refers to stm32f10x_rcc.o(.text) for RCC_APB2PeriphResetCmd
    main.o(.text) refers to utility.o(.text) for systick_init
    main.o(.text) refers to bsp_usart1.o(.text) for USART1_Config
    main.o(.text) refers to bsp_led.o(.text) for LED_GPIO_Config
    main.o(.text) refers to fatfs_flash_spi.o(.text) for TM_FATFS_FLASH_SPI_disk_initialize
    main.o(.text) refers to ff.o(.text) for f_mount
    main.o(.text) refers to stm32f10x_rcc.o(.text) for RCC_APB2PeriphClockCmd
    main.o(.text) refers to bsp_ov7725.o(.text) for Ov7725_GPIO_Config
    main.o(.text) refers to printf8.o(i.__0printf$8) for __2printf
    main.o(.text) refers to w5500_conf.o(.text) for gpio_for_w5500_config
    main.o(.text) refers to w5500.o(.text) for socket_buf_init
    main.o(.text) refers to stm32f10x_gpio.o(.text) for GPIO_SetBits
    main.o(.text) refers to httputil.o(.text) for do_https
    main.o(.text) refers to keyboard.o(.text) for intelli_key_scan
    main.o(.text) refers to main.o(.bss) for fs
    main.o(.text) refers to bsp_ov7725.o(.data) for Ov7725_vsync
    main.o(.text) refers to w5500.o(.data) for rxsize
    main.o(.text) refers to main.o(.data) for reboot_flag
    stm32f10x_it.o(.text) refers to stm32f10x_tim.o(.text) for TIM_GetITStatus
    stm32f10x_it.o(.text) refers to w5500_conf.o(.text) for timer2_isr
    stm32f10x_it.o(.text) refers to stm32f10x_exti.o(.text) for EXTI_GetITStatus
    stm32f10x_it.o(.text) refers to bsp_ov7725.o(.data) for Ov7725_vsync
    bsp_usart1.o(.text) refers to stm32f10x_rcc.o(.text) for RCC_APB2PeriphClockCmd
    bsp_usart1.o(.text) refers to stm32f10x_gpio.o(.text) for GPIO_Init
    bsp_usart1.o(.text) refers to stm32f10x_usart.o(.text) for USART_Init
    bsp_led.o(.text) refers to stm32f10x_rcc.o(.text) for RCC_APB2PeriphClockCmd
    bsp_led.o(.text) refers to stm32f10x_gpio.o(.text) for GPIO_Init
    bsp_timbase.o(.text) refers to misc.o(.text) for NVIC_PriorityGroupConfig
    bsp_timbase.o(.text) refers to stm32f10x_rcc.o(.text) for RCC_APB1PeriphClockCmd
    bsp_timbase.o(.text) refers to stm32f10x_tim.o(.text) for TIM_TimeBaseInit
    api.o(.text) refers to strlen.o(.text) for strlen
    api.o(.text) refers to strcmp.o(.text) for strcmp
    api.o(.text) refers to memseta.o(.text) for __aeabi_memclr4
    api.o(.text) refers to fatfs_flash_spi.o(.text) for SPI_FLASH_SectorErase
    api.o(.text) refers to utility.o(.text) for delay_us
    api.o(.text) refers to printf8.o(i.__0sprintf$8) for __2sprintf
    api.o(.text) refers to httputil.o(.text) for sendResponseJson
    api.o(.text) refers to printf8.o(i.__0printf$8) for __2printf
    api.o(.text) refers to atoi.o(.text) for atoi
    api.o(.text) refers to api.o(.conststring) for .conststring
    api.o(.text) refers to w5500_conf.o(.text) for getMac
    api.o(.text) refers to strcpy.o(.text) for strcpy
    api.o(.text) refers to socket.o(.text) for close
    fatfs_flash_spi.o(.text) refers to printf8.o(i.__0printf$8) for __2printf
    fatfs_flash_spi.o(.text) refers to stm32f10x_spi.o(.text) for SPI_I2S_GetFlagStatus
    fatfs_flash_spi.o(.text) refers to stm32f10x_gpio.o(.text) for GPIO_ResetBits
    fatfs_flash_spi.o(.text) refers to stm32f10x_rcc.o(.text) for RCC_APB2PeriphClockCmd
    fatfs_flash_spi.o(.text) refers to fatfs_flash_spi.o(.data) for SPITimeout
    w5500_conf.o(.text) refers to w5500.o(.text) for setSUBR
    w5500_conf.o(.text) refers to stm32f10x_rcc.o(.text) for RCC_APB2PeriphClockCmd
    w5500_conf.o(.text) refers to stm32f10x_gpio.o(.text) for GPIO_Init
    w5500_conf.o(.text) refers to stm32f10x_spi.o(.text) for SPI_Init
    w5500_conf.o(.text) refers to utility.o(.text) for delay_us
    w5500_conf.o(.text) refers to printf8.o(i.__0printf$8) for __2printf
    w5500_conf.o(.text) refers to bsp_timbase.o(.text) for TIM2_Configuration
[...]
    TI1_Config                               0x080015af   Thumb Code   108  stm32f10x_tim.o(.text)
    .text                                    0x08001d68   Section        0  stm32f10x_usart.o(.text)
    .text                                    0x08002170   Section        0  main.o(.text)
    .text                                    0x0800229c   Section        0  stm32f10x_it.o(.text)
    .text                                    0x08002330   Section        0  bsp_usart1.o(.text)
    .text                                    0x080023e4   Section        0  bsp_led.o(.text)
    .text                                    0x08002490   Section        0  bsp_timbase.o(.text)
    .text                                    0x0800250c   Section        0  api.o(.text)
    .text                                    0x08002f44   Section        0  fatfs_flash_spi.o(.text)
    SPI_TIMEOUT_UserCallback                 0x08002f45   Thumb Code    12  fatfs_flash_spi.o(.text)
    .text                                    0x080035c0   Section        0  w5500_conf.o(.text)
    .text                                    0x080039ec   Section        0  w5500.o(.text)
    .text                                    0x08003dc0   Section        0  socket.o(.text)
    .text                                    0x0800444c   Section        0  utility.o(.text)
    .text                                    0x080048a0   Section        0  http_server.o(.text)
    .text                                    0x08004d40   Section        0  httputil.o(.text)
    make_basic_config_setting_json_callback  0x08004d41   Thumb Code   136  httputil.o(.text)
    .text                                    0x080054a0   Section        0  diskio.o(.text)
    .text                                    0x0800556c   Section        0  ff.o(.text)
    mem_cpy                                  0x0800556d   Thumb Code    26  ff.o(.text)
    mem_set                                  0x08005587   Thumb Code    20  ff.o(.text)
    mem_cmp                                  0x0800559b   Thumb Code    38  ff.o(.text)
    chk_chr                                  0x080055c1   Thumb Code    20  ff.o(.text)
    sync_window                              0x080055d5   Thumb Code    82  ff.o(.text)
    move_window                              0x08005627   Thumb Code    52  ff.o(.text)
    sync_fs                                  0x0800565b   Thumb Code   200  ff.o(.text)
    remove_chain                             0x08005a03   Thumb Code   108  ff.o(.text)
    create_chain                             0x08005a6f   Thumb Code   214  ff.o(.text)
    dir_sdi                                  0x08005b45   Thumb Code   200  ff.o(.text)
    dir_next                                 0x08005c0d   Thumb Code   316  ff.o(.text)
    dir_alloc                                0x08005d49   Thumb Code    92  ff.o(.text)
    ld_clust                                 0x08005da5   Thumb Code    32  ff.o(.text)
    st_clust                                 0x08005dc5   Thumb Code    16  ff.o(.text)
    cmp_lfn                                  0x08005dd5   Thumb Code   138  ff.o(.text)
    pick_lfn                                 0x08005e5f   Thumb Code   112  ff.o(.text)
    fit_lfn                                  0x08005ecf   Thumb Code   122  ff.o(.text)
    gen_numname                              0x08005f49   Thumb Code   194  ff.o(.text)
    sum_sfn                                  0x0800600b   Thumb Code    32  ff.o(.text)
    dir_find                                 0x0800602b   Thumb Code   234  ff.o(.text)
    dir_read                                 0x08006115   Thumb Code   208  ff.o(.text)
    dir_register                             0x080061e5   Thumb Code   298  ff.o(.text)
    dir_remove                               0x0800630f   Thumb Code   106  ff.o(.text)
    get_fileinfo                             0x08006379   Thumb Code   268  ff.o(.text)
    create_name                              0x08006485   Thumb Code   604  ff.o(.text)
    follow_path                              0x080066e1   Thumb Code   144  ff.o(.text)
    get_ldnumber                             0x08006771   Thumb Code    74  ff.o(.text)
    check_fs                                 0x080067bb   Thumb Code   140  ff.o(.text)
    find_volume                              0x08006847   Thumb Code   982  ff.o(.text)
    validate                                 0x08006c1d   Thumb Code    54  ff.o(.text)
    putc_bfd                                 0x08008479   Thumb Code   136  ff.o(.text)
    .text                                    0x08008800   Section        0  cc936.o(.text)
    .text                                    0x080088b4   Section        0  bsp_ov7725.o(.text)
    FIFO_GPIO_Config                         0x080088b5   Thumb Code   186  bsp_ov7725.o(.text)
    VSYNC_GPIO_Configuration                 0x0800897b   Thumb Code    40  bsp_ov7725.o(.text)
    VSYNC_NVIC_Configuration                 0x080089a3   Thumb Code    42  bsp_ov7725.o(.text)
    VSYNC_EXTI_Configuration                 0x080089cd   Thumb Code    50  bsp_ov7725.o(.text)
    .text                                    0x08008b8c   Section        0  bsp_sccb.o(.text)
    SCCB_delay                               0x08008bb3   Thumb Code    16  bsp_sccb.o(.text)
    SCCB_Start                               0x08008bc3   Thumb Code    78  bsp_sccb.o(.text)
    SCCB_Stop                                0x08008c11   Thumb Code    52  bsp_sccb.o(.text)
    SCCB_Ack                                 0x08008c45   Thumb Code    52  bsp_sccb.o(.text)
    SCCB_NoAck                               0x08008c79   Thumb Code    52  bsp_sccb.o(.text)
    SCCB_WaitAck                             0x08008cad   Thumb Code    72  bsp_sccb.o(.text)
    SCCB_SendByte                            0x08008cf5   Thumb Code    84  bsp_sccb.o(.text)
    SCCB_ReceiveByte                         0x08008d49   Thumb Code    80  bsp_sccb.o(.text)
    .text                                    0x08008e58   Section        0  keyboard.o(.text)
    .text                                    0x08009000   Section        0  memcpya.o(.text)
    .text                                    0x08009024   Section        0  memseta.o(.text)
    .text                                    0x08009048   Section        0  strcat.o(.text)
    .text                                    0x08009060   Section        0  strstr.o(.text)
    .text                                    0x08009084   Section        0  strncpy.o(.text)
    .text                                    0x0800909c   Section        0  strlen.o(.text)
    .text                                    0x080090aa   Section        0  strcmp.o(.text)
    .text                                    0x080090c6   Section        0  strcpy.o(.text)
    .text                                    0x080090d8   Section        0  strtok.o(.text)
    .text                                    0x0800911c   Section        0  atoi.o(.text)
    .text                                    0x08009136   Section        0  uidiv.o(.text)
    .text                                    0x08009162   Section        0  uldiv.o(.text)
    .text                                    0x080091c4   Section        0  strtol.o(.text)
    .text                                    0x08009234   Section        0  dadd.o(.text)
    .text                                    0x08009234   Section        0  iusefp.o(.text)
    .text                                    0x08009382   Section        0  dmul.o(.text)
    .text                                    0x08009466   Section        0  ddiv.o(.text)
    .text                                    0x08009544   Section        0  dfixul.o(.text)
    .text                                    0x08009574   Section       48  cdrcmple.o(.text)
    .text                                    0x080095a4   Section       36  init.o(.text)
    .text                                    0x080095c8   Section        0  llshl.o(.text)
    .text                                    0x080095e6   Section        0  llushr.o(.text)
    .text                                    0x08009606   Section        0  llsshr.o(.text)
    .text                                    0x0800962c   Section        0  ctype_o.o(.text)
    .text                                    0x08009634   Section        0  _strtoul.o(.text)
    .text                                    0x080096d2   Section        0  depilogue.o(.text)
    .text                                    0x0800978c   Section        0  _chval.o(.text)
    .text                                    0x080097a8   Section        0  __dczerorl2.o(.text)
    i.__0printf                              0x08009800   Section        0  printfa.o(i.__0printf)
    i.__0printf$8                            0x08009820   Section        0  printf8.o(i.__0printf$8)
    i.__0sprintf$8                           0x08009840   Section        0  printf8.o(i.__0sprintf$8)
    i.__aeabi_errno_addr                     0x08009868   Section        0  errno.o(i.__aeabi_errno_addr)
    i.__scatterload_copy                     0x08009870   Section       14  handlers.o(i.__scatterload_copy)
    i.__scatterload_null                     0x0800987e   Section        2  handlers.o(i.__scatterload_null)
    i.__scatterload_zeroinit                 0x08009880   Section       14  handlers.o(i.__scatterload_zeroinit)
    i._fp_digits                             0x08009890   Section        0  printfa.o(i._fp_digits)
    _fp_digits                               0x08009891   Thumb Code   334  printfa.o(i._fp_digits)
    i._printf_core                           0x080099f4   Section        0  printf8.o(i._printf_core)
    _printf_core                             0x080099f5   Thumb Code   996  printf8.o(i._printf_core)
    i._printf_core                           0x08009e04   Section        0  printfa.o(i._printf_core)
    _printf_core                             0x08009e05   Thumb Code  1744  printfa.o(i._printf_core)
    i._printf_post_padding                   0x0800a4e0   Section        0  printf8.o(i._printf_post_padding)
    _printf_post_padding                     0x0800a4e1   Thumb Code    36  printf8.o(i._printf_post_padding)
    i._printf_post_padding                   0x0800a504   Section        0  printfa.o(i._printf_post_padding)
    _printf_post_padding                     0x0800a505   Thumb Code    36  printfa.o(i._printf_post_padding)
    i._printf_pre_padding                    0x0800a528   Section        0  printf8.o(i._printf_pre_padding)
    _printf_pre_padding                      0x0800a529   Thumb Code    46  printf8.o(i._printf_pre_padding)
    i._printf_pre_padding                    0x0800a556   Section        0  printfa.o(i._printf_pre_padding)
    _printf_pre_padding                      0x0800a557   Thumb Code    46  printfa.o(i._printf_pre_padding)
    i._sputc                                 0x0800a584   Section        0  printf8.o(i._sputc)
    _sputc                                   0x0800a585   Thumb Code    10  printf8.o(i._sputc)
    .constdata                               0x0800a590   Section      118  httputil.o(.constdata)
    .constdata                               0x0800a606   Section       58  ff.o(.constdata)
    LfnOfs                                   0x0800a606   Data          13  ff.o(.constdata)
    vst                                      0x0800a614   Data          22  ff.o(.constdata)
    cst                                      0x0800a62a   Data          22  ff.o(.constdata)
    .constdata                               0x0800a640   Section    175304  cc936.o(.constdata)
    uni2oem                                  0x0800a640   Data       87172  cc936.o(.constdata)
    oem2uni                                  0x0801fac4   Data       87172  cc936.o(.constdata)
    tbl_lower                                0x08034f48   Data         480  cc936.o(.constdata)
    tbl_upper                                0x08035128   Data         480  cc936.o(.constdata)
    .constdata                               0x08035308   Section      129  ctype_o.o(.constdata)
    .constdata                               0x0803538c   Section        4  ctype_o.o(.constdata)
    table                                    0x0803538c   Data           4  ctype_o.o(.constdata)
    .conststring                             0x08035390   Section      233  api.o(.conststring)
    .conststring                             0x0803547c   Section      299  http_server.o(.conststring)
    .conststring                             0x080355a8   Section     2257  httputil.o(.conststring)
    .data                                    0x20000000   Section       20  system_stm32f10x.o(.data)
    .data                                    0x20000014   Section       20  stm32f10x_rcc.o(.data)
    APBAHBPrescTable                         0x20000014   Data          16  stm32f10x_rcc.o(.data)
    ADCPrescTable                            0x20000024   Data           4  stm32f10x_rcc.o(.data)
    .data                                    0x20000028   Section       65  main.o(.data)
    KEY_TAB                                  0x20000028   Data          64  main.o(.data)
    .data                                    0x2000006c   Section        5  fatfs_flash_spi.o(.data)
    SPITimeout                               0x2000006c   Data           4  fatfs_flash_spi.o(.data)
    TM_FATFS_FLASH_SPI_Stat                  0x20000070   Data           1  fatfs_flash_spi.o(.data)
    .data                                    0x20000074   Section       41  w5500_conf.o(.data)
    .data                                    0x2000009d   Section       16  w5500.o(.data)
    .data                                    0x200000ae   Section        4  utility.o(.data)
    fac_us                                   0x200000ae   Data           1  utility.o(.data)
    fac_ms                                   0x200000b0   Data           2  utility.o(.data)
    .data                                    0x200000b4   Section     1472  httputil.o(.data)
    .data                                    0x20000674   Section       10  ff.o(.data)
    FatFs                                    0x20000674   Data           8  ff.o(.data)
    Fsid                                     0x2000067c   Data           2  ff.o(.data)
    .data                                    0x2000067e   Section      156  bsp_ov7725.o(.data)
    .data                                    0x2000071c   Section       68  keyboard.o(.data)
    KEY_TAB                                  0x2000071c   Data          64  keyboard.o(.data)
    preKey                                   0x2000075c   Data           4  keyboard.o(.data)
    .data                                    0x20000760   Section        4  strtok.o(.data)
    state                                    0x20000760   Data           4  strtok.o(.data)
    .data                                    0x20000764   Section        4  stdout.o(.data)
    .data                                    0x20000768   Section        4  errno.o(.data)
    _errno                                   0x20000768   Data           4  errno.o(.data)
    .bss                                     0x2000076c   Section     4144  main.o(.bss)
    .bss                                     0x2000179c   Section       46  w5500_conf.o(.bss)
    .bss                                     0x200017ca   Section       32  w5500.o(.bss)
    .bss                                     0x200017ea   Section       48  utility.o(.bss)
    addr_str                                 0x200017ea   Data          32  utility.o(.bss)
    addr_str                                 0x2000180a   Data          16  utility.o(.bss)
    .bss                                     0x2000181a   Section     1046  dhcp.o(.bss)
    .bss                                     0x20001c30   Section     3944  http_server.o(.bss)
    .bss                                     0x20002b98   Section     5220  httputil.o(.bss)
    STACK                                    0x20004000   Section     4096  startup_stm32f10x_hd.o(STACK)

    Global Symbols

    Symbol Name                              Value     Ov Type        Size  Object(Section)

    BuildAttributes$$THM_ISAv4$P$D$K$B$S$PE$A:L22UL41UL21$X:L11$S22US41US21$IEEE1$IW$USESV6$~STKCKD$USESV7$~SHL$OSPACE$ROPI$EBA8$MICROLIB$REQ8$PRES8$EABIv2 0x00000000   Number         0  anon$$obj.o ABSOLUTE
    __ARM_use_no_argv                        0x00000000   Number         0  main.o ABSOLUTE
    _printf_a                                0x00000000   Number         0  stubs.o ABSOLUTE
    _printf_c                                0x00000000   Number         0  stubs.o ABSOLUTE
    _printf_charcount                        0x00000000   Number         0  stubs.o ABSOLUTE
    _printf_d                                0x00000000   Number         0  stubs.o ABSOLUTE
    _printf_e                                0x00000000   Number         0  stubs.o ABSOLUTE
    _printf_f                                0x00000000   Number         0  stubs.o ABSOLUTE
    _printf_flags                            0x00000000   Number         0  stubs.o ABSOLUTE
    _printf_fp_dec                           0x00000000   Number         0  stubs.o ABSOLUTE
    _printf_fp_hex                           0x00000000   Number         0  stubs.o ABSOLUTE
    _printf_g                                0x00000000   Number         0  stubs.o ABSOLUTE
    _printf_i                                0x00000000   Number         0  stubs.o ABSOLUTE
    _printf_int_dec                          0x00000000   Number         0  stubs.o ABSOLUTE
    _printf_l                                0x00000000   Number         0  stubs.o ABSOLUTE
    _printf_lc                               0x00000000   Number         0  stubs.o ABSOLUTE
    _printf_ll                               0x00000000   Number         0  stubs.o ABSOLUTE
    _printf_lld                              0x00000000   Number         0  stubs.o ABSOLUTE
    _printf_lli                              0x00000000   Number         0  stubs.o ABSOLUTE
    _printf_llo                              0x00000000   Number         0  stubs.o ABSOLUTE
    _printf_llu                              0x00000000   Number         0  stubs.o ABSOLUTE
    _printf_llx                              0x00000000   Number         0  stubs.o ABSOLUTE
    _printf_longlong_dec                     0x00000000   Number         0  stubs.o ABSOLUTE
    _printf_longlong_hex                     0x00000000   Number         0  stubs.o ABSOLUTE
    _printf_longlong_oct                     0x00000000   Number         0  stubs.o ABSOLUTE
    _printf_ls                               0x00000000   Number         0  stubs.o ABSOLUTE
    _printf_mbtowc                           0x00000000   Number         0  stubs.o ABSOLUTE
    _printf_n                                0x00000000   Number         0  stubs.o ABSOLUTE
    _printf_o                                0x00000000   Number         0  stubs.o ABSOLUTE
    _printf_p                                0x00000000   Number         0  stubs.o ABSOLUTE
    _printf_percent                          0x00000000   Number         0  stubs.o ABSOLUTE
    _printf_pre_padding                      0x00000000   Number         0  stubs.o ABSOLUTE
    _printf_return_value                     0x00000000   Number         0  stubs.o ABSOLUTE
    _printf_s                                0x00000000   Number         0  stubs.o ABSOLUTE
    _printf_sizespec                         0x00000000   Number         0  stubs.o ABSOLUTE
    _printf_str                              0x00000000   Number         0  stubs.o ABSOLUTE
    _printf_truncate_signed                  0x00000000   Number         0  stubs.o ABSOLUTE
    _printf_truncate_unsigned                0x00000000   Number         0  stubs.o ABSOLUTE
    _printf_u                                0x00000000   Number         0  stubs.o ABSOLUTE
    _printf_wc                               0x00000000   Number         0  stubs.o ABSOLUTE
    _printf_wctomb                           0x00000000   Number         0  stubs.o ABSOLUTE
    _printf_widthprec                        0x00000000   Number         0  stubs.o ABSOLUTE
    _printf_x                                0x00000000   Number         0  stubs.o ABSOLUTE
    __cpp_initialize__aeabi_                  - Undefined Weak Reference
    __cxa_finalize                            - Undefined Weak Reference
    _clock_init                               - Undefined Weak Reference
    _microlib_exit                            - Undefined Weak Reference
    __Vectors_Size                           0x00000130   Number         0  startup_stm32f10x_hd.o ABSOLUTE
    __Vectors                                0x08000000   Data           4  startup_stm32f10x_hd.o(RESET)
    __Vectors_End                            0x08000130   Data           0  startup_stm32f10x_hd.o(RESET)
    __main                                   0x08000131   Thumb Code     0  entry.o(.ARM.Collect$$$$00000000)
    _main_stk                                0x08000131   Thumb Code     0  entry2.o(.ARM.Collect$$$$00000001)
    _main_scatterload                        0x08000135   Thumb Code     0  entry5.o(.ARM.Collect$$$$00000004)
    __main_after_scatterload                 0x08000139   Thumb Code     0  entry5.o(.ARM.Collect$$$$00000004)
    _main_clock                              0x08000139   Thumb Code     0  entry7b.o(.ARM.Collect$$$$00000008)
    _main_cpp_init                           0x08000139   Thumb Code     0  entry8b.o(.ARM.Collect$$$$0000000A)
    _main_init                               0x08000139   Thumb Code     0  entry9a.o(.ARM.Collect$$$$0000000B)
    __rt_final_cpp                           0x08000141   Thumb Code     0  entry10a.o(.ARM.Collect$$$$0000000D)
    __rt_final_exit                          0x08000141   Thumb Code     0  entry11a.o(.ARM.Collect$$$$0000000F)
    Reset_Handler                            0x08000145   Thumb Code     8  startup_stm32f10x_hd.o(.text)
    ADC1_2_IRQHandler                        0x0800015f   Thumb Code     0  startup_stm32f10x_hd.o(.text)
    ADC3_IRQHandler                          0x0800015f   Thumb Code     0  startup_stm32f10x_hd.o(.text)
    CAN1_RX1_IRQHandler                      0x0800015f   Thumb Code     0  startup_stm32f10x_hd.o(.text)
    CAN1_SCE_IRQHandler                      0x0800015f   Thumb Code     0  startup_stm32f10x_hd.o(.text)
    DMA1_Channel1_IRQHandler                 0x0800015f   Thumb Code     0  startup_stm32f10x_hd.o(.text)
    DMA1_Channel2_IRQHandler                 0x0800015f   Thumb Code     0  startup_stm32f10x_hd.o(.text)
    DMA1_Channel3_IRQHandler                 0x0800015f   Thumb Code     0  startup_stm32f10x_hd.o(.text)
    DMA1_Channel4_IRQHandler                 0x0800015f   Thumb Code     0  startup_stm32f10x_hd.o(.text)
    DMA1_Channel5_IRQHandler                 0x0800015f   Thumb Code     0  startup_stm32f10x_hd.o(.text)
    DMA1_Channel6_IRQHandler                 0x0800015f   Thumb Code     0  startup_stm32f10x_hd.o(.text)
    DMA1_Channel7_IRQHandler                 0x0800015f   Thumb Code     0  startup_stm32f10x_hd.o(.text)
    DMA2_Channel1_IRQHandler                 0x0800015f   Thumb Code     0  startup_stm32f10x_hd.o(.text)
    DMA2_Channel2_IRQHandler                 0x0800015f   Thumb Code     0  startup_stm32f10x_hd.o(.text)
    DMA2_Channel3_IRQHandler                 0x0800015f   Thumb Code     0  startup_stm32f10x_hd.o(.text)
    DMA2_Channel4_5_IRQHandler               0x0800015f   Thumb Code     0  startup_stm32f10x_hd.o(.text)
    EXTI0_IRQHandler                         0x0800015f   Thumb Code     0  startup_stm32f10x_hd.o(.text)
    EXTI1_IRQHandler                         0x0800015f   Thumb Code     0  startup_stm32f10x_hd.o(.text)
    EXTI2_IRQHandler                         0x0800015f   Thumb Code     0  startup_stm32f10x_hd.o(.text)
    EXTI3_IRQHandler                         0x0800015f   Thumb Code     0  startup_stm32f10x_hd.o(.text)
    EXTI4_IRQHandler                         0x0800015f   Thumb Code     0  startup_stm32f10x_hd.o(.text)
    EXTI9_5_IRQHandler                       0x0800015f   Thumb Code     0  startup_stm32f10x_hd.o(.text)
    FLASH_IRQHandler                         0x0800015f   Thumb Code     0  startup_stm32f10x_hd.o(.text)
    FSMC_IRQHandler                          0x0800015f   Thumb Code     0  startup_stm32f10x_hd.o(.text)
    I2C1_ER_IRQHandler                       0x0800015f   Thumb Code     0  startup_stm32f10x_hd.o(.text)
    I2C1_EV_IRQHandler                       0x0800015f   Thumb Code     0  startup_stm32f10x_hd.o(.text)
    I2C2_ER_IRQHandler                       0x0800015f   Thumb Code     0  startup_stm32f10x_hd.o(.text)
    I2C2_EV_IRQHandler                       0x0800015f   Thumb Code     0  startup_stm32f10x_hd.o(.text)
    PVD_IRQHandler                           0x0800015f   Thumb Code     0  startup_stm32f10x_hd.o(.text)
    RCC_IRQHandler                           0x0800015f   Thumb Code     0  startup_stm32f10x_hd.o(.text)
    RTCAlarm_IRQHandler                      0x0800015f   Thumb Code     0  startup_stm32f10x_hd.o(.text)
    RTC_IRQHandler                           0x0800015f   Thumb Code     0  startup_stm32f10x_hd.o(.text)
    SDIO_IRQHandler                          0x0800015f   Thumb Code     0  startup_stm32f10x_hd.o(.text)
    SPI1_IRQHandler                          0x0800015f   Thumb Code     0  startup_stm32f10x_hd.o(.text)
    SPI2_IRQHandler                          0x0800015f   Thumb Code     0  startup_stm32f10x_hd.o(.text)
    SPI3_IRQHandler                          0x0800015f   Thumb Code     0  startup_stm32f10x_hd.o(.text)
    TAMPER_IRQHandler                        0x0800015f   Thumb Code     0  startup_stm32f10x_hd.o(.text)
    TIM1_BRK_IRQHandler                      0x0800015f   Thumb Code     0  startup_stm32f10x_hd.o(.text)
    TIM1_CC_IRQHandler                       0x0800015f   Thumb Code     0  startup_stm32f10x_hd.o(.text)
    TIM1_TRG_COM_IRQHandler                  0x0800015f   Thumb Code     0  startup_stm32f10x_hd.o(.text)
    TIM1_UP_IRQHandler                       0x0800015f   Thumb Code     0  startup_stm32f10x_hd.o(.text)
    TIM3_IRQHandler                          0x0800015f   Thumb Code     0  startup_stm32f10x_hd.o(.text)
    TIM4_IRQHandler                          0x0800015f   Thumb Code     0  startup_stm32f10x_hd.o(.text)
    TIM5_IRQHandler                          0x0800015f   Thumb Code     0  startup_stm32f10x_hd.o(.text)
    TIM6_IRQHandler                          0x0800015f   Thumb Code     0  startup_stm32f10x_hd.o(.text)
    TIM7_IRQHandler                          0x0800015f   Thumb Code     0  startup_stm32f10x_hd.o(.text)
    TIM8_BRK_IRQHandler                      0x0800015f   Thumb Code     0  startup_stm32f10x_hd.o(.text)
    TIM8_CC_IRQHandler                       0x0800015f   Thumb Code     0  startup_stm32f10x_hd.o(.text)
    TIM8_TRG_COM_IRQHandler                  0x0800015f   Thumb Code     0  startup_stm32f10x_hd.o(.text)
    TIM8_UP_IRQHandler                       0x0800015f   Thumb Code     0  startup_stm32f10x_hd.o(.text)
    UART4_IRQHandler                         0x0800015f   Thumb Code     0  startup_stm32f10x_hd.o(.text)
    UART5_IRQHandler                         0x0800015f   Thumb Code     0  startup_stm32f10x_hd.o(.text)
    USART1_IRQHandler                        0x0800015f   Thumb Code     0  startup_stm32f10x_hd.o(.text)
    USART2_IRQHandler                        0x0800015f   Thumb Code     0  startup_stm32f10x_hd.o(.text)
    USART3_IRQHandler                        0x0800015f   Thumb Code     0  startup_stm32f10x_hd.o(.text)
    USBWakeUp_IRQHandler                     0x0800015f   Thumb Code     0  startup_stm32f10x_hd.o(.text)
    USB_HP_CAN1_TX_IRQHandler                0x0800015f   Thumb Code     0  startup_stm32f10x_hd.o(.text)
    USB_LP_CAN1_RX0_IRQHandler               0x0800015f   Thumb Code     0  startup_stm32f10x_hd.o(.text)
    WWDG_IRQHandler                          0x0800015f   Thumb Code     0  startup_stm32f10x_hd.o(.text)
    SystemInit                               0x08000247   Thumb Code    78  system_stm32f10x.o(.text)
    SystemCoreClockUpdate                    0x08000295   Thumb Code   142  system_stm32f10x.o(.text)
    NVIC_PriorityGroupConfig                 0x08000349   Thumb Code    10  misc.o(.text)
    NVIC_Init                                0x08000353   Thumb Code   100  misc.o(.text)
    NVIC_SetVectorTable                      0x080003b7   Thumb Code    14  misc.o(.text)
    NVIC_SystemLPConfig                      0x080003c5   Thumb Code    34  misc.o(.text)
    SysTick_CLKSourceConfig                  0x080003e7   Thumb Code    40  misc.o(.text)
    EXTI_DeInit                              0x08000425   Thumb Code    28  stm32f10x_exti.o(.text)
    EXTI_Init                                0x08000441   Thumb Code   142  stm32f10x_exti.o(.text)
    EXTI_StructInit                          0x080004cf   Thumb Code    16  stm32f10x_exti.o(.text)
    EXTI_GenerateSWInterrupt                 0x080004df   Thumb Code    16  stm32f10x_exti.o(.text)
    EXTI_GetFlagStatus                       0x080004ef   Thumb Code    22  stm32f10x_exti.o(.text)
    EXTI_ClearFlag                           0x08000505   Thumb Code     8  stm32f10x_exti.o(.text)
    EXTI_GetITStatus                         0x0800050d   Thumb Code    34  stm32f10x_exti.o(.text)
    EXTI_ClearITPendingBit                   0x0800052f   Thumb Code     8  stm32f10x_exti.o(.text)
    GPIO_DeInit                              0x08000541   Thumb Code   172  stm32f10x_gpio.o(.text)
    GPIO_AFIODeInit                          0x080005ed   Thumb Code    20  stm32f10x_gpio.o(.text)
    GPIO_Init                                0x08000601   Thumb Code   278  stm32f10x_gpio.o(.text)
    GPIO_StructInit                          0x08000717   Thumb Code    16  stm32f10x_gpio.o(.text)
    GPIO_ReadInputDataBit                    0x08000727   Thumb Code    18  stm32f10x_gpio.o(.text)
    GPIO_ReadInputData                       0x08000739   Thumb Code     8  stm32f10x_gpio.o(.text)
    GPIO_ReadOutputDataBit                   0x08000741   Thumb Code    18  stm32f10x_gpio.o(.text)
    GPIO_ReadOutputData                      0x08000753   Thumb Code     8  stm32f10x_gpio.o(.text)
    GPIO_SetBits                             0x0800075b   Thumb Code     4  stm32f10x_gpio.o(.text)
    GPIO_ResetBits                           0x0800075f   Thumb Code     4  stm32f10x_gpio.o(.text)
    GPIO_WriteBit                            0x08000763   Thumb Code    10  stm32f10x_gpio.o(.text)
    GPIO_Write                               0x0800076d   Thumb Code     4  stm32f10x_gpio.o(.text)
    GPIO_PinLockConfig                       0x08000771   Thumb Code    18  stm32f10x_gpio.o(.text)
    GPIO_EventOutputConfig                   0x08000783   Thumb Code    26  stm32f10x_gpio.o(.text)
    GPIO_EventOutputCmd                      0x0800079d   Thumb Code     6  stm32f10x_gpio.o(.text)
    GPIO_PinRemapConfig                      0x080007a3   Thumb Code   138  stm32f10x_gpio.o(.text)
    GPIO_EXTILineConfig                      0x0800082d   Thumb Code    66  stm32f10x_gpio.o(.text)
    GPIO_ETH_MediaInterfaceConfig            0x0800086f   Thumb Code     8  stm32f10x_gpio.o(.text)
    RCC_DeInit                               0x0800089d   Thumb Code    64  stm32f10x_rcc.o(.text)
    RCC_HSEConfig                            0x080008dd   Thumb Code    70  stm32f10x_rcc.o(.text)
    RCC_GetFlagStatus                        0x08000923   Thumb Code    56  stm32f10x_rcc.o(.text)
    RCC_WaitForHSEStartUp                    0x0800095b   Thumb Code    56  stm32f10x_rcc.o(.text)
    RCC_AdjustHSICalibrationValue            0x08000993   Thumb Code    20  stm32f10x_rcc.o(.text)
    RCC_HSICmd                               0x080009a7   Thumb Code     6  stm32f10x_rcc.o(.text)
    RCC_PLLConfig                            0x080009ad   Thumb Code    24  stm32f10x_rcc.o(.text)
    RCC_PLLCmd                               0x080009c5   Thumb Code     6  stm32f10x_rcc.o(.text)
    RCC_SYSCLKConfig                         0x080009cb   Thumb Code    18  stm32f10x_rcc.o(.text)
    RCC_GetSYSCLKSource                      0x080009dd   Thumb Code    10  stm32f10x_rcc.o(.text)
    RCC_HCLKConfig                           0x080009e7   Thumb Code    18  stm32f10x_rcc.o(.text)
    RCC_PCLK1Config                          0x080009f9   Thumb Code    18  stm32f10x_rcc.o(.text)
    RCC_PCLK2Config                          0x08000a0b   Thumb Code    20  stm32f10x_rcc.o(.text)
    RCC_ITConfig                             0x08000a1f   Thumb Code    26  stm32f10x_rcc.o(.text)
    RCC_USBCLKConfig                         0x08000a39   Thumb Code     8  stm32f10x_rcc.o(.text)
    RCC_ADCCLKConfig                         0x08000a41   Thumb Code    18  stm32f10x_rcc.o(.text)
    RCC_LSEConfig                            0x08000a53   Thumb Code    50  stm32f10x_rcc.o(.text)
    RCC_LSICmd                               0x08000a85   Thumb Code     6  stm32f10x_rcc.o(.text)
    RCC_RTCCLKConfig                         0x08000a8b   Thumb Code    12  stm32f10x_rcc.o(.text)
    RCC_RTCCLKCmd                            0x08000a97   Thumb Code     8  stm32f10x_rcc.o(.text)
    RCC_GetClocksFreq                        0x08000a9f   Thumb Code   192  stm32f10x_rcc.o(.text)
    RCC_AHBPeriphClockCmd                    0x08000b5f   Thumb Code    26  stm32f10x_rcc.o(.text)
    RCC_APB2PeriphClockCmd                   0x08000b79   Thumb Code    26  stm32f10x_rcc.o(.text)
    RCC_APB1PeriphClockCmd                   0x08000b93   Thumb Code    26  stm32f10x_rcc.o(.text)
    RCC_APB2PeriphResetCmd                   0x08000bad   Thumb Code    26  stm32f10x_rcc.o(.text)
    RCC_APB1PeriphResetCmd                   0x08000bc7   Thumb Code    26  stm32f10x_rcc.o(.text)
    RCC_BackupResetCmd                       0x08000be1   Thumb Code     8  stm32f10x_rcc.o(.text)
    RCC_ClockSecuritySystemCmd               0x08000be9   Thumb Code     6  stm32f10x_rcc.o(.text)
    RCC_MCOConfig                            0x08000bef   Thumb Code     6  stm32f10x_rcc.o(.text)
    RCC_ClearFlag                            0x08000bf5   Thumb Code    14  stm32f10x_rcc.o(.text)
    RCC_GetITStatus                          0x08000c03   Thumb Code    20  stm32f10x_rcc.o(.text)
    RCC_ClearITPendingBit                    0x08000c17   Thumb Code     6  stm32f10x_rcc.o(.text)
    SPI_I2S_DeInit                           0x08000c41   Thumb Code    76  stm32f10x_spi.o(.text)
    SPI_Init                                 0x08000c8d   Thumb Code    60  stm32f10x_spi.o(.text)
    I2S_Init                                 0x08000cc9   Thumb Code   226  stm32f10x_spi.o(.text)
    SPI_StructInit                           0x08000dab   Thumb Code    24  stm32f10x_spi.o(.text)
    I2S_StructInit                           0x08000dc3   Thumb Code    20  stm32f10x_spi.o(.text)
    SPI_Cmd                                  0x08000dd7   Thumb Code    24  stm32f10x_spi.o(.text)
    I2S_Cmd                                  0x08000def   Thumb Code    24  stm32f10x_spi.o(.text)
    SPI_I2S_ITConfig                         0x08000e07   Thumb Code    32  stm32f10x_spi.o(.text)
    SPI_I2S_DMACmd                           0x08000e27   Thumb Code    18  stm32f10x_spi.o(.text)
    SPI_I2S_SendData                         0x08000e39   Thumb Code     4  stm32f10x_spi.o(.text)
    SPI_I2S_ReceiveData                      0x08000e3d   Thumb Code     6  stm32f10x_spi.o(.text)
    SPI_NSSInternalSoftwareConfig            0x08000e43   Thumb Code    30  stm32f10x_spi.o(.text)
    SPI_SSOutputCmd                          0x08000e61   Thumb Code    24  stm32f10x_spi.o(.text)
    SPI_DataSizeConfig                       0x08000e79   Thumb Code    18  stm32f10x_spi.o(.text)
    SPI_TransmitCRC                          0x08000e8b   Thumb Code    10  stm32f10x_spi.o(.text)
    SPI_CalculateCRC                         0x08000e95   Thumb Code    24  stm32f10x_spi.o(.text)
    SPI_GetCRC                               0x08000ead   Thumb Code    16  stm32f10x_spi.o(.text)
    SPI_GetCRCPolynomial                     0x08000ebd   Thumb Code     6  stm32f10x_spi.o(.text)
    SPI_BiDirectionalLineConfig              0x08000ec3   Thumb Code    28  stm32f10x_spi.o(.text)
    SPI_I2S_GetFlagStatus                    0x08000edf   Thumb Code    18  stm32f10x_spi.o(.text)
    SPI_I2S_ClearFlag                        0x08000ef1   Thumb Code     6  stm32f10x_spi.o(.text)
    SPI_I2S_GetITStatus                      0x08000ef7   Thumb Code    52  stm32f10x_spi.o(.text)
    SPI_I2S_ClearITPendingBit                0x08000f2b   Thumb Code    20  stm32f10x_spi.o(.text)
    TIM_DeInit                               0x08000f4d   Thumb Code   424  stm32f10x_tim.o(.text)
    TIM_TimeBaseInit                         0x080010f5   Thumb Code   122  stm32f10x_tim.o(.text)
    TIM_OC1Init                              0x0800116f   Thumb Code   132  stm32f10x_tim.o(.text)
    TIM_OC2Init                              0x080011f3   Thumb Code   154  stm32f10x_tim.o(.text)
    TIM_OC3Init                              0x0800128d   Thumb Code   150  stm32f10x_tim.o(.text)
    TIM_OC4Init                              0x08001323   Thumb Code   182  stm32f10x_tim.o(.text)
    TIM_SetIC4Prescaler                      0x080013d9   Thumb Code    26  stm32f10x_tim.o(.text)
    TIM_SetIC3Prescaler                      0x08001475   Thumb Code    18  stm32f10x_tim.o(.text)
    TIM_SetIC2Prescaler                      0x08001501   Thumb Code    26  stm32f10x_tim.o(.text)
    TIM_SetIC1Prescaler                      0x0800159d   Thumb Code    18  stm32f10x_tim.o(.text)
    TIM_ICInit                               0x0800161b   Thumb Code   150  stm32f10x_tim.o(.text)
    TIM_PWMIConfig                           0x080016b1   Thumb Code   124  stm32f10x_tim.o(.text)
    TIM_BDTRConfig                           0x0800172d   Thumb Code    32  stm32f10x_tim.o(.text)
    TIM_TimeBaseStructInit                   0x0800174d   Thumb Code    18  stm32f10x_tim.o(.text)
    TIM_OCStructInit                         0x0800175f   Thumb Code    20  stm32f10x_tim.o(.text)
    TIM_ICStructInit                         0x08001773   Thumb Code    18  stm32f10x_tim.o(.text)
    TIM_BDTRStructInit                       0x08001785   Thumb Code    40  stm32f10x_tim.o(.text)
    TIM_Cmd                                  0x080017ad   Thumb Code    24  stm32f10x_tim.o(.text)
    TIM_CtrlPWMOutputs                       0x080017c5   Thumb Code    30  stm32f10x_tim.o(.text)
    TIM_ITConfig                             0x080017e3   Thumb Code    18  stm32f10x_tim.o(.text)
    TIM_GenerateEvent                        0x080017f5   Thumb Code     4  stm32f10x_tim.o(.text)
    TIM_DMAConfig                            0x080017f9   Thumb Code    10  stm32f10x_tim.o(.text)
    TIM_DMACmd                               0x08001803   Thumb Code    18  stm32f10x_tim.o(.text)
    TIM_InternalClockConfig                  0x08001815   Thumb Code    12  stm32f10x_tim.o(.text)
    TIM_SelectInputTrigger                   0x08001821   Thumb Code    18  stm32f10x_tim.o(.text)
    TIM_ITRxExternalClockConfig              0x08001833   Thumb Code    24  stm32f10x_tim.o(.text)
    TIM_TIxExternalClockConfig               0x0800184b   Thumb Code    62  stm32f10x_tim.o(.text)
    TIM_ETRConfig                            0x08001889   Thumb Code    28  stm32f10x_tim.o(.text)
    TIM_ETRClockMode1Config                  0x080018a5   Thumb Code    54  stm32f10x_tim.o(.text)
    TIM_ETRClockMode2Config                  0x080018db   Thumb Code    32  stm32f10x_tim.o(.text)
    TIM_PrescalerConfig                      0x080018fb   Thumb Code     6  stm32f10x_tim.o(.text)
    TIM_CounterModeConfig                    0x08001901   Thumb Code    18  stm32f10x_tim.o(.text)
    TIM_EncoderInterfaceConfig               0x08001913   Thumb Code    66  stm32f10x_tim.o(.text)
    TIM_ForcedOC1Config                      0x08001955   Thumb Code    18  stm32f10x_tim.o(.text)
    TIM_ForcedOC2Config                      0x08001967   Thumb Code    26  stm32f10x_tim.o(.text)
    TIM_ForcedOC3Config                      0x08001981   Thumb Code    18  stm32f10x_tim.o(.text)
    TIM_ForcedOC4Config                      0x08001993   Thumb Code    26  stm32f10x_tim.o(.text)
    TIM_ARRPreloadConfig                     0x080019ad   Thumb Code    24  stm32f10x_tim.o(.text)
    TIM_SelectCOM                            0x080019c5   Thumb Code    24  stm32f10x_tim.o(.text)
    TIM_SelectCCDMA                          0x080019dd   Thumb Code    24  stm32f10x_tim.o(.text)
    TIM_CCPreloadControl                     0x080019f5   Thumb Code    24  stm32f10x_tim.o(.text)
    TIM_OC1PreloadConfig                     0x08001a0d   Thumb Code    18  stm32f10x_tim.o(.text)
    TIM_OC2PreloadConfig                     0x08001a1f   Thumb Code    26  stm32f10x_tim.o(.text)
    TIM_OC3PreloadConfig                     0x08001a39   Thumb Code    18  stm32f10x_tim.o(.text)
    TIM_OC4PreloadConfig                     0x08001a4b   Thumb Code    26  stm32f10x_tim.o(.text)
    TIM_OC1FastConfig                        0x08001a65   Thumb Code    18  stm32f10x_tim.o(.text)
    TIM_OC2FastConfig                        0x08001a77   Thumb Code    26  stm32f10x_tim.o(.text)
    TIM_OC3FastConfig                        0x08001a91   Thumb Code    18  stm32f10x_tim.o(.text)
    TIM_OC4FastConfig                        0x08001aa3   Thumb Code    26  stm32f10x_tim.o(.text)
    TIM_ClearOC1Ref                          0x08001abd   Thumb Code    18  stm32f10x_tim.o(.text)
    TIM_ClearOC2Ref                          0x08001acf   Thumb Code    24  stm32f10x_tim.o(.text)
    TIM_ClearOC3Ref                          0x08001ae7   Thumb Code    18  stm32f10x_tim.o(.text)
    TIM_ClearOC4Ref                          0x08001af9   Thumb Code    24  stm32f10x_tim.o(.text)
    TIM_OC1PolarityConfig                    0x08001b11   Thumb Code    18  stm32f10x_tim.o(.text)
    TIM_OC1NPolarityConfig                   0x08001b23   Thumb Code    18  stm32f10x_tim.o(.text)
    TIM_OC2PolarityConfig                    0x08001b35   Thumb Code    26  stm32f10x_tim.o(.text)
    TIM_OC2NPolarityConfig                   0x08001b4f   Thumb Code    26  stm32f10x_tim.o(.text)
    TIM_OC3PolarityConfig                    0x08001b69   Thumb Code    26  stm32f10x_tim.o(.text)
    TIM_OC3NPolarityConfig                   0x08001b83   Thumb Code    26  stm32f10x_tim.o(.text)
    TIM_OC4PolarityConfig                    0x08001b9d   Thumb Code    26  stm32f10x_tim.o(.text)
    TIM_CCxCmd                               0x08001bb7   Thumb Code    30  stm32f10x_tim.o(.text)
    TIM_CCxNCmd                              0x08001bd5   Thumb Code    30  stm32f10x_tim.o(.text)
    TIM_SelectOCxM                           0x08001bf3   Thumb Code    82  stm32f10x_tim.o(.text)
    TIM_UpdateDisableConfig                  0x08001c45   Thumb Code    24  stm32f10x_tim.o(.text)
    TIM_UpdateRequestConfig                  0x08001c5d   Thumb Code    24  stm32f10x_tim.o(.text)
    TIM_SelectHallSensor                     0x08001c75   Thumb Code    24  stm32f10x_tim.o(.text)
    TIM_SelectOnePulseMode                   0x08001c8d   Thumb Code    18  stm32f10x_tim.o(.text)
    TIM_SelectOutputTrigger                  0x08001c9f   Thumb Code    18  stm32f10x_tim.o(.text)
    TIM_SelectSlaveMode                      0x08001cb1   Thumb Code    18  stm32f10x_tim.o(.text)
    TIM_SelectMasterSlaveMode                0x08001cc3   Thumb Code    18  stm32f10x_tim.o(.text)
    TIM_SetCounter                           0x08001cd5   Thumb Code     4  stm32f10x_tim.o(.text)
    TIM_SetAutoreload                        0x08001cd9   Thumb Code     4  stm32f10x_tim.o(.text)
    TIM_SetCompare1                          0x08001cdd   Thumb Code     4  stm32f10x_tim.o(.text)
    TIM_SetCompare2                          0x08001ce1   Thumb Code     4  stm32f10x_tim.o(.text)
    TIM_SetCompare3                          0x08001ce5   Thumb Code     4  stm32f10x_tim.o(.text)
    TIM_SetCompare4                          0x08001ce9   Thumb Code     6  stm32f10x_tim.o(.text)
    TIM_SetClockDivision                     0x08001cef   Thumb Code    18  stm32f10x_tim.o(.text)
    TIM_GetCapture1                          0x08001d01   Thumb Code     6  stm32f10x_tim.o(.text)
    TIM_GetCapture2                          0x08001d07   Thumb Code     6  stm32f10x_tim.o(.text)
    TIM_GetCapture3                          0x08001d0d   Thumb Code     6  stm32f10x_tim.o(.text)
    TIM_GetCapture4                          0x08001d13   Thumb Code     8  stm32f10x_tim.o(.text)
    TIM_GetCounter                           0x08001d1b   Thumb Code     6  stm32f10x_tim.o(.text)
    TIM_GetPrescaler                         0x08001d21   Thumb Code     6  stm32f10x_tim.o(.text)
    TIM_GetFlagStatus                        0x08001d27   Thumb Code    18  stm32f10x_tim.o(.text)
    TIM_ClearFlag                            0x08001d39   Thumb Code     6  stm32f10x_tim.o(.text)
    TIM_GetITStatus                          0x08001d3f   Thumb Code    34  stm32f10x_tim.o(.text)
    TIM_ClearITPendingBit                    0x08001d61   Thumb Code     6  stm32f10x_tim.o(.text)
    USART_DeInit                             0x08001d69   Thumb Code   134  stm32f10x_usart.o(.text)
    USART_Init                               0x08001def   Thumb Code   210  stm32f10x_usart.o(.text)
    USART_StructInit                         0x08001ec1   Thumb Code    24  stm32f10x_usart.o(.text)
    USART_ClockInit                          0x08001ed9   Thumb Code    34  stm32f10x_usart.o(.text)
    USART_ClockStructInit                    0x08001efb   Thumb Code    12  stm32f10x_usart.o(.text)
    USART_Cmd                                0x08001f07   Thumb Code    24  stm32f10x_usart.o(.text)
    USART_ITConfig                           0x08001f1f   Thumb Code    74  stm32f10x_usart.o(.text)
    USART_DMACmd                             0x08001f69   Thumb Code    18  stm32f10x_usart.o(.text)
    USART_SetAddress                         0x08001f7b   Thumb Code    18  stm32f10x_usart.o(.text)
    USART_WakeUpConfig                       0x08001f8d   Thumb Code    18  stm32f10x_usart.o(.text)
    USART_ReceiverWakeUpCmd                  0x08001f9f   Thumb Code    24  stm32f10x_usart.o(.text)
    USART_LINBreakDetectLengthConfig         0x08001fb7   Thumb Code    18  stm32f10x_usart.o(.text)
    USART_LINCmd                             0x08001fc9   Thumb Code    24  stm32f10x_usart.o(.text)
    USART_SendData                           0x08001fe1   Thumb Code     8  stm32f10x_usart.o(.text)
    USART_ReceiveData                        0x08001fe9   Thumb Code    10  stm32f10x_usart.o(.text)
    USART_SendBreak                          0x08001ff3   Thumb Code    10  stm32f10x_usart.o(.text)
    USART_SetGuardTime                       0x08001ffd   Thumb Code    16  stm32f10x_usart.o(.text)
    USART_SetPrescaler                       0x0800200d   Thumb Code    16  stm32f10x_usart.o(.text)
    USART_SmartCardCmd                       0x0800201d   Thumb Code    24  stm32f10x_usart.o(.text)
    USART_SmartCardNACKCmd                   0x08002035   Thumb Code    24  stm32f10x_usart.o(.text)
    USART_HalfDuplexCmd                      0x0800204d   Thumb Code    24  stm32f10x_usart.o(.text)
    USART_OverSampling8Cmd                   0x08002065   Thumb Code    22  stm32f10x_usart.o(.text)
    USART_OneBitMethodCmd                    0x0800207b   Thumb Code    24  stm32f10x_usart.o(.text)
    USART_IrDAConfig                         0x08002093   Thumb Code    18  stm32f10x_usart.o(.text)
    USART_IrDACmd                            0x080020a5   Thumb Code    24  stm32f10x_usart.o(.text)
    USART_GetFlagStatus                      0x080020bd   Thumb Code    26  stm32f10x_usart.o(.text)
    USART_ClearFlag                          0x080020d7   Thumb Code    18  stm32f10x_usart.o(.text)
    USART_GetITStatus                        0x080020e9   Thumb Code    84  stm32f10x_usart.o(.text)
    USART_ClearITPendingBit                  0x0800213d   Thumb Code    52  stm32f10x_usart.o(.text)
    main                                     0x08002171   Thumb Code   196  main.o(.text)
    NMI_Handler                              0x0800229d   Thumb Code     2  stm32f10x_it.o(.text)
    HardFault_Handler                        0x0800229f   Thumb Code     4  stm32f10x_it.o(.text)
    MemManage_Handler                        0x080022a3   Thumb Code     4  stm32f10x_it.o(.text)
    BusFault_Handler                         0x080022a7   Thumb Code     4  stm32f10x_it.o(.text)
    UsageFault_Handler                       0x080022ab   Thumb Code     4  stm32f10x_it.o(.text)
    SVC_Handler                              0x080022af   Thumb Code     2  stm32f10x_it.o(.text)
    DebugMon_Handler                         0x080022b1   Thumb Code     2  stm32f10x_it.o(.text)
    PendSV_Handler                           0x080022b3   Thumb Code     2  stm32f10x_it.o(.text)
    SysTick_Handler                          0x080022b5   Thumb Code     2  stm32f10x_it.o(.text)
    TIM2_IRQHandler                          0x080022b7   Thumb Code    26  stm32f10x_it.o(.text)
    EXTI15_10_IRQHandler                     0x080022d1   Thumb Code    84  stm32f10x_it.o(.text)
    USART1_Config                            0x08002331   Thumb Code   114  bsp_usart1.o(.text)
    fputc                                    0x080023a3   Thumb Code    32  bsp_usart1.o(.text)
    fgetc                                    0x080023c3   Thumb Code    26  bsp_usart1.o(.text)
    LED_GPIO_Config                          0x080023e5   Thumb Code    90  bsp_led.o(.text)
    LED_RGB111                               0x0800243f   Thumb Code    78  bsp_led.o(.text)
    TIM2_NVIC_Configuration                  0x08002491   Thumb Code    42  bsp_timbase.o(.text)
    TIM2_Configuration                       0x080024bb   Thumb Code    80  bsp_timbase.o(.text)
    strToAry                                 0x0800250d   Thumb Code    38  api.o(.text)
    aryToStr                                 0x08002533   Thumb Code    24  api.o(.text)
    getValueByKey                            0x0800254b   Thumb Code    62  api.o(.text)
    initFlash                                0x08002589   Thumb Code    56  api.o(.text)
    api_getModel                             0x080025c1   Thumb Code   400  api.o(.text)
    api_setModel                             0x08002751   Thumb Code  1088  api.o(.text)
    api_addDevice                            0x08002b91   Thumb Code   126  api.o(.text)
    api_bindDevice                           0x08002c0f   Thumb Code   254  api.o(.text)
    api_unlock                               0x08002d0d   Thumb Code   172  api.o(.text)
    api_visitor_img                          0x08002db9   Thumb Code    28  api.o(.text)
    api_reboot                               0x08002dd5   Thumb Code    24  api.o(.text)
    api_debug                                0x08002ded   Thumb Code    48  api.o(.text)
    SPI_FLASH_SendByte                       0x08002f51   Thumb Code   106  fatfs_flash_spi.o(.text)
    SPI_FLASH_ReadID                         0x08002fbb   Thumb Code    74  fatfs_flash_spi.o(.text)
    TM_FATFS_FLASH_SPI_disk_initialize       0x08003005   Thumb Code   242  fatfs_flash_spi.o(.text)
    TM_FATFS_FLASH_SPI_disk_status           0x080030f7   Thumb Code    44  fatfs_flash_spi.o(.text)
    TM_FATFS_FLASH_SPI_disk_ioctl            0x08003123   Thumb Code    54  fatfs_flash_spi.o(.text)
    SPI_FLASH_BufferRead                     0x08003159   Thumb Code    74  fatfs_flash_spi.o(.text)
    TM_FATFS_FLASH_SPI_disk_read             0x080031a3   Thumb Code    44  fatfs_flash_spi.o(.text)
    SPI_FLASH_WaitForWriteEnd                0x080031cf   Thumb Code    74  fatfs_flash_spi.o(.text)
    SPI_FLASH_WriteEnable                    0x08003219   Thumb Code    26  fatfs_flash_spi.o(.text)
    SPI_FLASH_PageWrite                      0x08003233   Thumb Code    92  fatfs_flash_spi.o(.text)
    SPI_FLASH_BufferWrite                    0x0800328f   Thumb Code   352  fatfs_flash_spi.o(.text)
    SPI_FLASH_SectorErase                    0x080033ef   Thumb Code    62  fatfs_flash_spi.o(.text)
    TM_FATFS_FLASH_SPI_disk_write            0x0800342d   Thumb Code    44  fatfs_flash_spi.o(.text)
    SPI_FLASH_BulkErase                      0x08003459   Thumb Code    34  fatfs_flash_spi.o(.text)
    SPI_FLASH_ReadDeviceID                   0x0800347b   Thumb Code    56  fatfs_flash_spi.o(.text)
    SPI_FLASH_StartReadSequence              0x080034b3   Thumb Code    42  fatfs_flash_spi.o(.text)
    SPI_FLASH_ReadByte                       0x080034dd   Thumb Code    10  fatfs_flash_spi.o(.text)
    SPI_FLASH_SendHalfWord                   0x080034e7   Thumb Code   100  fatfs_flash_spi.o(.text)
    SPI_Flash_PowerDown                      0x0800354b   Thumb Code    26  fatfs_flash_spi.o(.text)
    SPI_Flash_WAKEUP                         0x08003565   Thumb Code    26  fatfs_flash_spi.o(.text)
    GetGBKCode_from_EXFlash                  0x0800357f   Thumb Code    52  fatfs_flash_spi.o(.text)
    set_w5500_ip                             0x080035c1   Thumb Code   100  w5500_conf.o(.text)
    set_w5500_mac                            0x08003625   Thumb Code    32  w5500_conf.o(.text)
    gpio_for_w5500_config                    0x08003645   Thumb Code   252  w5500_conf.o(.text)
    wiz_cs                                   0x08003741   Thumb Code    32  w5500_conf.o(.text)
    iinchip_csoff                            0x08003761   Thumb Code    10  w5500_conf.o(.text)
    iinchip_cson                             0x0800376b   Thumb Code    10  w5500_conf.o(.text)
    reset_w5500                              0x08003775   Thumb Code    38  w5500_conf.o(.text)
    SPI_SendByte                             0x0800379b   Thumb Code    50  w5500_conf.o(.text)
    IINCHIP_SpiSendData                      0x080037cd   Thumb Code    12  w5500_conf.o(.text)
    IINCHIP_WRITE                            0x080037d9   Thumb Code    50  w5500_conf.o(.text)
    IINCHIP_READ                             0x0800380b   Thumb Code    50  w5500_conf.o(.text)
    wiz_write_buf                            0x0800383d   Thumb Code    80  w5500_conf.o(.text)
    wiz_read_buf                             0x0800388d   Thumb Code    78  w5500_conf.o(.text)
    timer2_init                              0x080038db   Thumb Code    20  w5500_conf.o(.text)
    dhcp_timer_init                          0x080038ef   Thumb Code     8  w5500_conf.o(.text)
    ntp_timer_init                           0x080038f7   Thumb Code     8  w5500_conf.o(.text)
    timer2_isr                               0x080038ff   Thumb Code    46  w5500_conf.o(.text)
    reboot                                   0x0800392d   Thumb Code    18  w5500_conf.o(.text)
    getMac                                   0x0800393f   Thumb Code    44  w5500_conf.o(.text)
    setMR                                    0x080039ed   Thumb Code    14  w5500.o(.text)
    iinchip_init                             0x080039fb   Thumb Code    10  w5500.o(.text)
    getIINCHIP_RxMAX                         0x08003a05   Thumb Code    10  w5500.o(.text)
    getIINCHIP_TxMAX                         0x08003a0f   Thumb Code    10  w5500.o(.text)
    setGAR                                   0x08003a19   Thumb Code    16  w5500.o(.text)
    getGAR                                   0x08003a29   Thumb Code    16  w5500.o(.text)
    setSUBR                                  0x08003a39   Thumb Code    18  w5500.o(.text)
    setSHAR                                  0x08003a4b   Thumb Code    18  w5500.o(.text)
    setSIPR                                  0x08003a5d   Thumb Code    18  w5500.o(.text)
    getSUBR                                  0x08003a6f   Thumb Code    18  w5500.o(.text)
    getSHAR                                  0x08003a81   Thumb Code    18  w5500.o(.text)
    getSIPR                                  0x08003a93   Thumb Code    18  w5500.o(.text)
    getIR                                    0x08003aa5   Thumb Code    12  w5500.o(.text)
    setRTR                                   0x08003ab1   Thumb Code    26  w5500.o(.text)
    setRCR                                   0x08003acb   Thumb Code    16  w5500.o(.text)
    clearIR                                  0x08003adb   Thumb Code    26  w5500.o(.text)
    setSn_MSS                                0x08003af5   Thumb Code    36  w5500.o(.text)
    setSn_TTL                                0x08003b19   Thumb Code    22  w5500.o(.text)
    getSn_IR                                 0x08003b2f   Thumb Code    18  w5500.o(.text)
    setSn_IR                                 0x08003b41   Thumb Code    22  w5500.o(.text)
    getSn_SR                                 0x08003b57   Thumb Code    18  w5500.o(.text)
    getSn_TX_FSR                             0x08003b69   Thumb Code    84  w5500.o(.text)
    getSn_RX_RSR                             0x08003bbd   Thumb Code    84  w5500.o(.text)
    send_data_processing                     0x08003c11   Thumb Code   116  w5500.o(.text)
    recv_data_processing                     0x08003c85   Thumb Code   116  w5500.o(.text)
    socket_buf_init                          0x08003cf9   Thumb Code   128  w5500.o(.text)
    close                                    0x08003dc1   Thumb Code    52  socket.o(.text)
    socket                                   0x08003df5   Thumb Code   192  socket.o(.text)
    listen                                   0x08003eb5   Thumb Code    62  socket.o(.text)
    connect                                  0x08003ef3   Thumb Code   248  socket.o(.text)
    disconnect                               0x08003feb   Thumb Code    38  socket.o(.text)
    send                                     0x08004011   Thumb Code   216  socket.o(.text)
    recv                                     0x080040e9   Thumb Code    66  socket.o(.text)
    sendto                                   0x0800412b   Thumb Code   268  socket.o(.text)
    recvfrom                                 0x08004237   Thumb Code   510  socket.o(.text)
    systick_init                             0x0800444d   Thumb Code    56  utility.o(.text)
    delay_ms                                 0x08004485   Thumb Code    56  utility.o(.text)
    delay_s                                  0x080044bd   Thumb Code    22  utility.o(.text)
    delay_us                                 0x080044d3   Thumb Code    56  utility.o(.text)
    c2d                                      0x0800450b   Thumb Code    54  utility.o(.text)
    atoi16                                   0x08004541   Thumb Code    32  utility.o(.text)
    atoi32                                   0x08004561   Thumb Code    32  utility.o(.text)
    itoa                                     0x08004581   Thumb Code    64  utility.o(.text)
    validatoi                                0x080045c1   Thumb Code    72  utility.o(.text)
    replacetochar                            0x08004609   Thumb Code    26  utility.o(.text)
    swaps                                    0x08004623   Thumb Code    14  utility.o(.text)
    swapl                                    0x08004631   Thumb Code    28  utility.o(.text)
    mid                                      0x0800464d   Thumb Code    68  utility.o(.text)
    inet_addr_                               0x08004691   Thumb Code    90  utility.o(.text)
    inet_ntoa                                0x080046eb   Thumb Code    40  utility.o(.text)
    inet_ntoa_pad                            0x08004713   Thumb Code    40  utility.o(.text)
    verify_ip_address                        0x0800473b   Thumb Code   116  utility.o(.text)
    htons                                    0x080047af   Thumb Code    12  utility.o(.text)
    htonl                                    0x080047bb   Thumb Code    12  utility.o(.text)
    ntohs                                    0x080047c7   Thumb Code    12  utility.o(.text)
    ntohl                                    0x080047d3   Thumb Code    12  utility.o(.text)
    checksum                                 0x080047df   Thumb Code    76  utility.o(.text)
    check_dest_in_local                      0x0800482b   Thumb Code   116  utility.o(.text)
    unescape_http_url                        0x080048a1   Thumb Code    62  http_server.o(.text)
    make_http_response_head                  0x080048df   Thumb Code   108  http_server.o(.text)
    find_http_uri_type                       0x0800494b   Thumb Code   258  http_server.o(.text)
    parse_http_request                       0x08004a4d   Thumb Code   156  http_server.o(.text)
    get_http_param_value                     0x08004ae9   Thumb Code   182  http_server.o(.text)
    parseUrl                                 0x08004dc9   Thumb Code   256  httputil.o(.text)
    sendResponseJson                         0x08004ec9   Thumb Code   122  httputil.o(.text)
    sendResponseHtml                         0x08004f43   Thumb Code   142  httputil.o(.text)
    proc_http                                0x08004fd1   Thumb Code   446  httputil.o(.text)
    do_https                                 0x0800518f   Thumb Code   434  httputil.o(.text)
    sendImg                                  0x08005341   Thumb Code   296  httputil.o(.text)
    make_cgi_response                        0x08005469   Thumb Code    34  httputil.o(.text)
    disk_initialize                          0x080054a1   Thumb Code    34  diskio.o(.text)
    disk_status                              0x080054c3   Thumb Code    26  diskio.o(.text)
    disk_read                                0x080054dd   Thumb Code    46  diskio.o(.text)
    disk_write                               0x0800550b   Thumb Code    52  diskio.o(.text)
    disk_ioctl                               0x0800553f   Thumb Code    38  diskio.o(.text)
    get_fattime                              0x08005565   Thumb Code     4  diskio.o(.text)
    clust2sect                               0x08005723   Thumb Code    26  ff.o(.text)
    get_fat                                  0x0800573d   Thumb Code   318  ff.o(.text)
    put_fat                                  0x0800587b   Thumb Code   392  ff.o(.text)
    f_mount                                  0x08006c53   Thumb Code    86  ff.o(.text)
    f_open                                   0x08006ca9   Thumb Code   362  ff.o(.text)
    f_read                                   0x08006e13   Thumb Code   482  ff.o(.text)
    f_write                                  0x08006ff5   Thumb Code   524  ff.o(.text)
    f_sync                                   0x08007201   Thumb Code   176  ff.o(.text)
    f_close                                  0x080072b1   Thumb Code    32  ff.o(.text)
    f_lseek                                  0x080072d1   Thumb Code   410  ff.o(.text)
    f_opendir                                0x0800746b   Thumb Code   118  ff.o(.text)
    f_closedir                               0x080074e1   Thumb Code    22  ff.o(.text)
    f_readdir                                0x080074f7   Thumb Code   100  ff.o(.text)
    f_stat                                   0x0800755b   Thumb Code    68  ff.o(.text)
    f_getfree                                0x0800759f   Thumb Code   258  ff.o(.text)
    f_truncate                               0x080076a1   Thumb Code   184  ff.o(.text)
    f_unlink                                 0x08007759   Thumb Code   178  ff.o(.text)
    f_mkdir                                  0x0800780b   Thumb Code   358  ff.o(.text)
    f_chmod                                  0x08007971   Thumb Code    92  ff.o(.text)
    f_rename                                 0x080079cd   Thumb Code   266  ff.o(.text)
    f_utime                                  0x08007ad7   Thumb Code    94  ff.o(.text)
    f_getlabel                               0x08007b35   Thumb Code   190  ff.o(.text)
    f_setlabel                               0x08007bf3   Thumb Code   470  ff.o(.text)
    f_mkfs                                   0x08007dc9   Thumb Code  1626  ff.o(.text)
    f_gets                                   0x08008423   Thumb Code    86  ff.o(.text)
    f_putc                                   0x08008501   Thumb Code    64  ff.o(.text)
    f_puts                                   0x08008541   Thumb Code    74  ff.o(.text)
    f_printf                                 0x0800858b   Thumb Code   628  ff.o(.text)
    ff_convert                               0x08008801   Thumb Code   116  cc936.o(.text)
    ff_wtoupper                              0x08008875   Thumb Code    46  cc936.o(.text)
    Ov7725_GPIO_Config                       0x0800896f   Thumb Code    12  bsp_ov7725.o(.text)
    VSYNC_Init                               0x080089ff   Thumb Code    16  bsp_ov7725.o(.text)
    Ov7725_Init                              0x08008a0f   Thumb Code   142  bsp_ov7725.o(.text)
    ImagDisp                                 0x08008a9d   Thumb Code    76  bsp_ov7725.o(.text)
    SCCB_GPIO_Config                         0x08008b8d   Thumb Code    38  bsp_sccb.o(.text)
    SCCB_WriteByte                           0x08008d99   Thumb Code    64  bsp_sccb.o(.text)
    SCCB_ReadByte                            0x08008dd9   Thumb Code   122  bsp_sccb.o(.text)
    key_scan                                 0x08008e59   Thumb Code   358  keyboard.o(.text)
    intelli_key_scan                         0x08008fbf   Thumb Code    52  keyboard.o(.text)
    __aeabi_memcpy                           0x08009001   Thumb Code    36  memcpya.o(.text)
    __aeabi_memcpy4                          0x08009001   Thumb Code     0  memcpya.o(.text)
    __aeabi_memcpy8                          0x08009001   Thumb Code     0  memcpya.o(.text)
    __aeabi_memset                           0x08009025   Thumb Code    14  memseta.o(.text)
    __aeabi_memset4                          0x08009025   Thumb Code     0  memseta.o(.text)
    __aeabi_memset8                          0x08009025   Thumb Code     0  memseta.o(.text)
    __aeabi_memclr                           0x08009033   Thumb Code     4  memseta.o(.text)
    __aeabi_memclr4                          0x08009033   Thumb Code     0  memseta.o(.text)
    __aeabi_memclr8                          0x08009033   Thumb Code     0  memseta.o(.text)
    _memset$wrapper                          0x08009037   Thumb Code    18  memseta.o(.text)
    strcat                                   0x08009049   Thumb Code    24  strcat.o(.text)
    strstr                                   0x08009061   Thumb Code    36  strstr.o(.text)
    strncpy                                  0x08009085   Thumb Code    24  strncpy.o(.text)
    strlen                                   0x0800909d   Thumb Code    14  strlen.o(.text)
    strcmp                                   0x080090ab   Thumb Code    28  strcmp.o(.text)
    strcpy                                   0x080090c7   Thumb Code    18  strcpy.o(.text)
    strtok                                   0x080090d9   Thumb Code    62  strtok.o(.text)
    atoi                                     0x0800911d   Thumb Code    26  atoi.o(.text)
    __aeabi_uidiv                            0x08009137   Thumb Code     0  uidiv.o(.text)
    __aeabi_uidivmod                         0x08009137   Thumb Code    44  uidiv.o(.text)
    __aeabi_uldivmod                         0x08009163   Thumb Code    98  uldiv.o(.text)
    strtol                                   0x080091c5   Thumb Code   112  strtol.o(.text)
    __I$use$fp                               0x08009235   Thumb Code     0  iusefp.o(.text)
    __aeabi_dadd                             0x08009235   Thumb Code   322  dadd.o(.text)
    __aeabi_dsub                             0x08009377   Thumb Code     6  dadd.o(.text)
    __aeabi_drsub                            0x0800937d   Thumb Code     6  dadd.o(.text)
    __aeabi_dmul                             0x08009383   Thumb Code   228  dmul.o(.text)
    __aeabi_ddiv                             0x08009467   Thumb Code   222  ddiv.o(.text)
    __aeabi_d2ulz                            0x08009545   Thumb Code    48  dfixul.o(.text)
    __aeabi_cdrcmple                         0x08009575   Thumb Code    48  cdrcmple.o(.text)
    __scatterload                            0x080095a5   Thumb Code    28  init.o(.text)
    __scatterload_rt2                        0x080095a5   Thumb Code     0  init.o(.text)
    __aeabi_llsl                             0x080095c9   Thumb Code    30  llshl.o(.text)
    _ll_shift_l                              0x080095c9   Thumb Code     0  llshl.o(.text)
    __aeabi_llsr                             0x080095e7   Thumb Code    32  llushr.o(.text)
    _ll_ushift_r                             0x080095e7   Thumb Code     0  llushr.o(.text)
    __aeabi_lasr                             0x08009607   Thumb Code    36  llsshr.o(.text)
    _ll_sshift_r                             0x08009607   Thumb Code     0  llsshr.o(.text)
    __rt_ctype_table                         0x0800962d   Thumb Code     4  ctype_o.o(.text)
    _strtoul                                 0x08009635   Thumb Code   158  _strtoul.o(.text)
    _double_round                            0x080096d3   Thumb Code    30  depilogue.o(.text)
    _double_epilogue                         0x080096f1   Thumb Code   156  depilogue.o(.text)
    _chval                                   0x0800978d   Thumb Code    28  _chval.o(.text)
    __decompress                             0x080097a9   Thumb Code     0  __dczerorl2.o(.text)
    __decompress1                            0x080097a9   Thumb Code    86  __dczerorl2.o(.text)
    __0printf                                0x08009801   Thumb Code    22  printfa.o(i.__0printf)
    __1printf                                0x08009801   Thumb Code     0  printfa.o(i.__0printf)
    __2printf$full                           0x08009801   Thumb Code     0  printfa.o(i.__0printf)
    __c89printf                              0x08009801   Thumb Code     0  printfa.o(i.__0printf)
    printf                                   0x08009801   Thumb Code     0  printfa.o(i.__0printf)
    __0printf$8                              0x08009821   Thumb Code    22  printf8.o(i.__0printf$8)
    __1printf$8                              0x08009821   Thumb Code     0  printf8.o(i.__0printf$8)
    __2printf                                0x08009821   Thumb Code     0  printf8.o(i.__0printf$8)
    __0sprintf$8                             0x08009841   Thumb Code    34  printf8.o(i.__0sprintf$8)
    __1sprintf$8                             0x08009841   Thumb Code     0  printf8.o(i.__0sprintf$8)
    __2sprintf                               0x08009841   Thumb Code     0  printf8.o(i.__0sprintf$8)
    __aeabi_errno_addr                       0x08009869   Thumb Code     4  errno.o(i.__aeabi_errno_addr)
    __rt_errno_addr                          0x08009869   Thumb Code     0  errno.o(i.__aeabi_errno_addr)
    __scatterload_copy                       0x08009871   Thumb Code    14  handlers.o(i.__scatterload_copy)
    __scatterload_null                       0x0800987f   Thumb Code     2  handlers.o(i.__scatterload_null)
    __scatterload_zeroinit                   0x08009881   Thumb Code    14  handlers.o(i.__scatterload_zeroinit)
    __ctype_table                            0x08035308   Data         129  ctype_o.o(.constdata)
    Region$$Table$$Base                      0x08035e7c   Number         0  anon$$obj.o(Region$$Table)
    Region$$Table$$Limit                     0x08035e9c   Number         0  anon$$obj.o(Region$$Table)
    SystemCoreClock                          0x20000000   Data           4  system_stm32f10x.o(.data)
    AHBPrescTable                            0x20000004   Data          16  system_stm32f10x.o(.data)
    reboot_flag                              0x20000068   Data           1  main.o(.data)
    mac                                      0x20000074   Data           6  w5500_conf.o(.data)
    local_ip                                 0x2000007a   Data           4  w5500_conf.o(.data)
    subnet                                   0x2000007e   Data           4  w5500_conf.o(.data)
    gateway                                  0x20000082   Data           4  w5500_conf.o(.data)
    dns_server                               0x20000086   Data           4  w5500_conf.o(.data)
    local_port                               0x2000008a   Data           2  w5500_conf.o(.data)
    remote_ip                                0x2000008c   Data           4  w5500_conf.o(.data)
    remote_port                              0x20000090   Data           2  w5500_conf.o(.data)
    ip_from                                  0x20000092   Data           1  w5500_conf.o(.data)
    dhcp_ok                                  0x20000093   Data           1  w5500_conf.o(.data)
    ms                                       0x20000094   Data           4  w5500_conf.o(.data)
    dhcp_time                                0x20000098   Data           4  w5500_conf.o(.data)
    ntptimer                                 0x2000009c   Data           1  w5500_conf.o(.data)
    txsize                                   0x2000009d   Data           8  w5500.o(.data)
    rxsize                                   0x200000a5   Data           8  w5500.o(.data)
    tmp_buf                                  0x200000b4   Data        1460  httputil.o(.data)
    res_flash                                0x20000668   Data           1  httputil.o(.data)
    br                                       0x2000066c   Data           4  httputil.o(.data)
    bw                                       0x20000670   Data           4  httputil.o(.data)
    Sensor_Config                            0x2000067e   Data         154  bsp_ov7725.o(.data)
    OV7725_REG_NUM                           0x20000718   Data           1  bsp_ov7725.o(.data)
    Ov7725_vsync                             0x20000719   Data           1  bsp_ov7725.o(.data)
    __stdout                                 0x20000764   Data           4  stdout.o(.data)
    fs                                       0x2000076c   Data        4144  main.o(.bss)
    ConfigMsg                                0x2000179c   Data          28  w5500_conf.o(.bss)
    EEPROM_MSG                               0x200017b8   Data          18  w5500_conf.o(.bss)
    SSIZE                                    0x200017ca   Data          16  w5500.o(.bss)
    RSIZE                                    0x200017da   Data          16  w5500.o(.bss)
    DHCP_GET                                 0x2000181a   Data          22  dhcp.o(.bss)
    EXTERN_DHCPBUF                           0x20001830   Data        1024  dhcp.o(.bss)
    tx_buf                                   0x20001c30   Data        1460  http_server.o(.bss)
    rx_buf                                   0x200021e4   Data        1460  http_server.o(.bss)
    pub_buf                                  0x20002798   Data        1024  http_server.o(.bss)
    boundary                                 0x20002b98   Data          64  httputil.o(.bss)
    fnew                                     0x20002bd8   Data        4132  httputil.o(.bss)
    buffer                                   0x20003bfc   Data        1024  httputil.o(.bss)
    __initial_sp                             0x20005000   Data           0  startup_stm32f10x_hd.o(STACK)



==============================================================================

Memory Map of the image

  Image Entry point : 0x08000131

  Load Region LR_IROM1 (Base: 0x08000000, Size: 0x00036608, Max: 0x00080000, ABSOLUTE, COMPRESSED[0x00035fcc])

    Execution Region ER_IROM1 (Base: 0x08000000, Size: 0x00035e9c, Max: 0x00080000, ABSOLUTE)

    Base Addr    Size         Type   Attr      Idx    E Section Name        Object

    0x08000000   0x00000130   Data   RO            3    RESET               startup_stm32f10x_hd.o
    0x08000130   0x00000000   Code   RO          727  * .ARM.Collect$$$$00000000  mc_w.l(entry.o)
    0x08000130   0x00000004   Code   RO         1019    .ARM.Collect$$$$00000001  mc_w.l(entry2.o)
    0x08000134   0x00000004   Code   RO         1022    .ARM.Collect$$$$00000004  mc_w.l(entry5.o)
    0x08000138   0x00000000   Code   RO         1024    .ARM.Collect$$$$00000008  mc_w.l(entry7b.o)
    0x08000138   0x00000000   Code   RO         1026    .ARM.Collect$$$$0000000A  mc_w.l(entry8b.o)
    0x08000138   0x00000008   Code   RO         1027    .ARM.Collect$$$$0000000B  mc_w.l(entry9a.o)
    0x08000140   0x00000000   Code   RO         1029    .ARM.Collect$$$$0000000D  mc_w.l(entry10a.o)
    0x08000140   0x00000000   Code   RO         1031    .ARM.Collect$$$$0000000F  mc_w.l(entry11a.o)
    0x08000140   0x00000004   Code   RO         1020    .ARM.Collect$$$$00002712  mc_w.l(entry2.o)
    0x08000144   0x00000024   Code   RO            4    .text               startup_stm32f10x_hd.o
    0x08000168   0x000001e0   Code   RO           24    .text               system_stm32f10x.o
    0x08000348   0x000000dc   Code   RO          121    .text               misc.o
    0x08000424   0x0000011c   Code   RO          149    .text               stm32f10x_exti.o
    0x08000540   0x0000035c   Code   RO          173    .text               stm32f10x_gpio.o
    0x0800089c   0x000003a4   Code   RO          185    .text               stm32f10x_rcc.o
    0x08000c40   0x0000030c   Code   RO          199    .text               stm32f10x_spi.o
    0x08000f4c   0x00000e1a   Code   RO          211    .text               stm32f10x_tim.o
    0x08001d66   0x00000002   PAD
    0x08001d68   0x00000408   Code   RO          223    .text               stm32f10x_usart.o
    0x08002170   0x0000012c   Code   RO          235    .text               main.o
    0x0800229c   0x00000094   Code   RO          309    .text               stm32f10x_it.o
    0x08002330   0x000000b4   Code   RO          329    .text               bsp_usart1.o
    0x080023e4   0x000000ac   Code   RO          341    .text               bsp_led.o
    0x08002490   0x0000007a   Code   RO          353    .text               bsp_timbase.o
    0x0800250a   0x00000002   PAD
    0x0800250c   0x00000a38   Code   RO          368    .text               api.o
    0x08002f44   0x0000067c   Code   RO          388    .text               fatfs_flash_spi.o
    0x080035c0   0x0000042c   Code   RO          406    .text               w5500_conf.o
    0x080039ec   0x000003d4   Code   RO          440    .text               w5500.o
    0x08003dc0   0x0000068c   Code   RO          466    .text               socket.o
    0x0800444c   0x00000452   Code   RO          489    .text               utility.o
    0x0800489e   0x00000002   PAD
    0x080048a0   0x000004a0   Code   RO          544    .text               http_server.o
    0x08004d40   0x00000760   Code   RO          567    .text               httputil.o
    0x080054a0   0x000000cc   Code   RO          592    .text               diskio.o
    0x0800556c   0x00003292   Code   RO          614    .text               ff.o
    0x080087fe   0x00000002   PAD
    0x08008800   0x000000b4   Code   RO          635    .text               cc936.o
    0x080088b4   0x000002d8   Code   RO          658    .text               bsp_ov7725.o
    0x08008b8c   0x000002cc   Code   RO          676    .text               bsp_sccb.o
    0x08008e58   0x000001a8   Code   RO          691    .text               keyboard.o
    0x08009000   0x00000024   Code   RO          730    .text               mc_w.l(memcpya.o)
    0x08009024   0x00000024   Code   RO          732    .text               mc_w.l(memseta.o)
    0x08009048   0x00000018   Code   RO          734    .text               mc_w.l(strcat.o)
    0x08009060   0x00000024   Code   RO          736    .text               mc_w.l(strstr.o)
    0x08009084   0x00000018   Code   RO          738    .text               mc_w.l(strncpy.o)
    0x0800909c   0x0000000e   Code   RO          740    .text               mc_w.l(strlen.o)
    0x080090aa   0x0000001c   Code   RO          742    .text               mc_w.l(strcmp.o)
    0x080090c6   0x00000012   Code   RO          746    .text               mc_w.l(strcpy.o)
    0x080090d8   0x00000044   Code   RO          748    .text               mc_w.l(strtok.o)
    0x0800911c   0x0000001a   Code   RO         1017    .text               mc_w.l(atoi.o)
    0x08009136   0x0000002c   Code   RO         1034    .text               mc_w.l(uidiv.o)
    0x08009162   0x00000062   Code   RO         1036    .text               mc_w.l(uldiv.o)
    0x080091c4   0x00000070   Code   RO         1045    .text               mc_w.l(strtol.o)
    0x08009234   0x00000000   Code   RO         1047    .text               mc_w.l(iusefp.o)
    0x08009234   0x0000014e   Code   RO         1048    .text               mf_w.l(dadd.o)
    0x08009382   0x000000e4   Code   RO         1050    .text               mf_w.l(dmul.o)
    0x08009466   0x000000de   Code   RO         1052    .text               mf_w.l(ddiv.o)
    0x08009544   0x00000030   Code   RO         1054    .text               mf_w.l(dfixul.o)
    0x08009574   0x00000030   Code   RO         1056    .text               mf_w.l(cdrcmple.o)
    0x080095a4   0x00000024   Code   RO         1058    .text               mc_w.l(init.o)
    0x080095c8   0x0000001e   Code   RO         1060    .text               mc_w.l(llshl.o)
    0x080095e6   0x00000020   Code   RO         1062    .text               mc_w.l(llushr.o)
    0x08009606   0x00000024   Code   RO         1064    .text               mc_w.l(llsshr.o)
    0x0800962a   0x00000002   PAD
    0x0800962c   0x00000008   Code   RO         1066    .text               mc_w.l(ctype_o.o)
    0x08009634   0x0000009e   Code   RO         1094    .text               mc_w.l(_strtoul.o)
    0x080096d2   0x000000ba   Code   RO         1096    .text               mf_w.l(depilogue.o)
    0x0800978c   0x0000001c   Code   RO         1098    .text               mc_w.l(_chval.o)
    0x080097a8   0x00000056   Code   RO         1108    .text               mc_w.l(__dczerorl2.o)
    0x080097fe   0x00000002   PAD
    0x08009800   0x00000020   Code   RO          989    i.__0printf         mc_w.l(printfa.o)
    0x08009820   0x00000020   Code   RO          963    i.__0printf$8       mc_w.l(printf8.o)
    0x08009840   0x00000028   Code   RO          965    i.__0sprintf$8      mc_w.l(printf8.o)
    0x08009868   0x00000008   Code   RO         1038    i.__aeabi_errno_addr  mc_w.l(errno.o)
    0x08009870   0x0000000e   Code   RO         1102    i.__scatterload_copy  mc_w.l(handlers.o)
    0x0800987e   0x00000002   Code   RO         1103    i.__scatterload_null  mc_w.l(handlers.o)
    0x08009880   0x0000000e   Code   RO         1104    i.__scatterload_zeroinit  mc_w.l(handlers.o)
    0x0800988e   0x00000002   PAD
    0x08009890   0x00000164   Code   RO          996    i._fp_digits        mc_w.l(printfa.o)
    0x080099f4   0x00000410   Code   RO          970    i._printf_core      mc_w.l(printf8.o)
    0x08009e04   0x000006dc   Code   RO          997    i._printf_core      mc_w.l(printfa.o)
    0x0800a4e0   0x00000024   Code   RO          971    i._printf_post_padding  mc_w.l(printf8.o)
    0x0800a504   0x00000024   Code   RO          998    i._printf_post_padding  mc_w.l(printfa.o)
    0x0800a528   0x0000002e   Code   RO          972    i._printf_pre_padding  mc_w.l(printf8.o)
    0x0800a556   0x0000002e   Code   RO          999    i._printf_pre_padding  mc_w.l(printfa.o)
    0x0800a584   0x0000000a   Code   RO          974    i._sputc            mc_w.l(printf8.o)
    0x0800a58e   0x00000002   PAD
    0x0800a590   0x00000076   Data   RO          569    .constdata          httputil.o
    0x0800a606   0x0000003a   Data   RO          615    .constdata          ff.o
    0x0800a640   0x0002acc8   Data   RO          636    .constdata          cc936.o
    0x08035308   0x00000081   Data   RO         1067    .constdata          mc_w.l(ctype_o.o)
    0x08035389   0x00000003   PAD
    0x0803538c   0x00000004   Data   RO         1068    .constdata          mc_w.l(ctype_o.o)
    0x08035390   0x000000e9   Data   RO          369    .conststring        api.o
    0x08035479   0x00000003   PAD
    0x0803547c   0x0000012b   Data   RO          546    .conststring        http_server.o
    0x080355a7   0x00000001   PAD
    0x080355a8   0x000008d1   Data   RO          570    .conststring        httputil.o
    0x08035e79   0x00000003   PAD
    0x08035e7c   0x00000020   Data   RO         1100    Region$$Table       anon$$obj.o


    Execution Region RW_IRAM1 (Base: 0x20000000, Size: 0x00005000, Max: 0x00010000, ABSOLUTE, COMPRESSED[0x00000130])

    Base Addr    Size         Type   Attr      Idx    E Section Name        Object

    0x20000000   0x00000014   Data   RW           25    .data               system_stm32f10x.o
    0x20000014   0x00000014   Data   RW          186    .data               stm32f10x_rcc.o
    0x20000028   0x00000041   Data   RW          237    .data               main.o
    0x20000069   0x00000003   PAD
    0x2000006c   0x00000005   Data   RW          390    .data               fatfs_flash_spi.o
    0x20000071   0x00000003   PAD
    0x20000074   0x00000029   Data   RW          408    .data               w5500_conf.o
    0x2000009d   0x00000010   Data   RW          442    .data               w5500.o
    0x200000ad   0x00000001   PAD
    0x200000ae   0x00000004   Data   RW          491    .data               utility.o
    0x200000b2   0x00000002   PAD
    0x200000b4   0x000005c0   Data   RW          571    .data               httputil.o
    0x20000674   0x0000000a   Data   RW          616    .data               ff.o
    0x2000067e   0x0000009c   Data   RW          659    .data               bsp_ov7725.o
    0x2000071a   0x00000002   PAD
    0x2000071c   0x00000044   Data   RW          692    .data               keyboard.o
    0x20000760   0x00000004   Data   RW          749    .data               mc_w.l(strtok.o)
    0x20000764   0x00000004   Data   RW         1033    .data               mc_w.l(stdout.o)
    0x20000768   0x00000004   Data   RW         1041    .data               mc_w.l(errno.o)
    0x2000076c   0x00001030   Zero   RW          236    .bss                main.o
    0x2000179c   0x0000002e   Zero   RW          407    .bss                w5500_conf.o
    0x200017ca   0x00000020   Zero   RW          441    .bss                w5500.o
    0x200017ea   0x00000030   Zero   RW          490    .bss                utility.o
    0x2000181a   0x00000416   Zero   RW          520    .bss                dhcp.o
    0x20001c30   0x00000f68   Zero   RW          545    .bss                http_server.o
    0x20002b98   0x00001464   Zero   RW          568    .bss                httputil.o
    0x20003ffc   0x00000004   PAD
    0x20004000   0x00001000   Zero   RW            1    STACK               startup_stm32f10x_hd.o


==============================================================================

Image component sizes


      Code (inc. data)   RO Data    RW Data    ZI Data      Debug   Object Name

      2616        516        233          0          0       6493   api.o
       172          4          0          0          0        725   bsp_led.o
       728        164          0        156          0       2713   bsp_ov7725.o
       716          6          0          0          0       2876   bsp_sccb.o
       122          0          0          0          0        741   bsp_timbase.o
       180          8          0          0          0        992   bsp_usart1.o
       180         18     175304          0          0       2237   cc936.o
         0          0          0          0          0       4492   core_cm3.o
         0          0          0          0       1046       4526   dhcp.o
       204          4          0          0          0       3710   diskio.o
      1660         76          0          5          0       7024   fatfs_flash_spi.o
     12946        142         58         10          0      35298   ff.o
      1184        418        299          0       3944       5354   http_server.o
      1888        266       2375       1472       5220       7074   httputil.o
       424         14          0         68          0       2316   keyboard.o
       300        104          0         65       4144       7496   main.o
       220         22          0          0          0       1829   misc.o
      1676         48          0          0          0       6574   socket.o
        36          8        304          0       4096        872   startup_stm32f10x_hd.o
       284         10          0          0          0       2259   stm32f10x_exti.o
       860         38          0          0          0       5669   stm32f10x_gpio.o
       148         12          0          0          0       1591   stm32f10x_it.o
       932         36          0         20          0       8848   stm32f10x_rcc.o
       780         14          0          0          0       6554   stm32f10x_spi.o
      3610         88          0          0          0      22156   stm32f10x_tim.o
      1032         22          0          0          0       8400   stm32f10x_usart.o
       480         38          0         20          0     259483   system_stm32f10x.o
      1106         54          0          4         48       6750   utility.o
       980         72          0         16         32       5948   w5500.o
      1068        130          0         41         46       7575   w5500_conf.o

    ----------------------------------------------------------------------
     36540       2332     178612       1888      18580     438575   Object Totals
         0          0         32          0          0          0   (incl. Generated)
         8          0          7         11          4          0   (incl. Padding)

    ----------------------------------------------------------------------

      Code (inc. data)   RO Data    RW Data    ZI Data      Debug   Library Member Name

        86          0          0          0          0          0   __dczerorl2.o
        28          0          0          0          0         68   _chval.o
       158          0          0          0          0         92   _strtoul.o
        26          0          0          0          0         80   atoi.o
         8          4        133          0          0         68   ctype_o.o
         0          0          0          0          0          0   entry.o
         0          0          0          0          0          0   entry10a.o
         0          0          0          0          0          0   entry11a.o
         8          4          0          0          0          0   entry2.o
         4          0          0          0          0          0   entry5.o
         0          0          0          0          0          0   entry7b.o
         0          0          0          0          0          0   entry8b.o
         8          4          0          0          0          0   entry9a.o
         8          4          0          4          0         68   errno.o
        30          0          0          0          0          0   handlers.o
        36          8          0          0          0         68   init.o
         0          0          0          0          0          0   iusefp.o
        30          0          0          0          0         68   llshl.o
        36          0          0          0          0         68   llsshr.o
        32          0          0          0          0         68   llushr.o
        36          0          0          0          0         68   memcpya.o
        36          0          0          0          0        108   memseta.o
      1204         60          0          0          0        504   printf8.o
      2226         90          0          0          0        444   printfa.o
         0          0          0          4          0          0   stdout.o
        24          0          0          0          0         68   strcat.o
        28          0          0          0          0         76   strcmp.o
        18          0          0          0          0         68   strcpy.o
        14          0          0          0          0         68   strlen.o
        24          0          0          0          0         76   strncpy.o
        36          0          0          0          0         80   strstr.o
        68          6          0          4          0         80   strtok.o
       112          0          0          0          0         88   strtol.o
        44          0          0          0          0         80   uidiv.o
        98          0          0          0          0         92   uldiv.o
        48          0          0          0          0         68   cdrcmple.o
       334          0          0          0          0        148   dadd.o
       222          0          0          0          0        100   ddiv.o
       186          0          0          0          0        176   depilogue.o
        48          0          0          0          0         68   dfixul.o
       228          0          0          0          0         96   dmul.o

    ----------------------------------------------------------------------
      5540        180        136         12          0       3204   Library Totals
         8          0          3          0          0          0   (incl. Padding)

    ----------------------------------------------------------------------

      Code (inc. data)   RO Data    RW Data    ZI Data      Debug   Library Name

      4466        180        133         12          0       2548   mc_w.l
      1066          0          0          0          0        656   mf_w.l

    ----------------------------------------------------------------------
      5540        180        136         12          0       3204   Library Totals

    ----------------------------------------------------------------------

==============================================================================


      Code (inc. data)   RO Data    RW Data    ZI Data      Debug   

     42080       2512     178748       1900      18580     437955   Grand Totals
     42080       2512     178748        304      18580     437955   ELF Image Totals (compressed)
     42080       2512     178748        304          0          0   ROM Totals

==============================================================================

    Total RO  Size (Code + RO Data)               220828 ( 215.65kB)
    Total RW  Size (RW Data + ZI Data)             20480 (  20.00kB)
    Total ROM Size (Code + RO Data + RW Data)     221132 ( 215.95kB)

==============================================================================

